
> backend@1.0.0 test
> jest --forceExit --testTimeout=10000

node.exe : FAIL src/__tests__/controllers/userController.test.js
At line:1 char:1
+ & "C:\Program Files\nodejs/node.exe" "C:\Program Files\nodejs/node_mo ...
+ ~~~~~~~~~~~~~~~~~~~~~~~~~~~~~~~~~~~~~~~~~~~~~~~~~~~~~~~~~~~~~~~~~~~~~
    + CategoryInfo          : NotSpecified: (FAIL src/__test...troller.test.js 
   :String) [], RemoteException
    + FullyQualifiedErrorId : NativeCommandError
 
  ΓùÅ Console

    console.log
      [dotenv@17.3.1] injecting env (6) from .env -- tip: ≡ƒöÉ encrypt with 
Dotenvx: https://dotenvx.com

      at _log (node_modules/dotenv/lib/main.js:139:11)

  ΓùÅ User Controller ΓÇ║ deleteUser ΓÇ║ should delete user

    expect(jest.fn()).toHaveBeenCalledWith(...expected)

    Expected: 200
    Received: 400

    Number of calls: 1

    [0m [90m 94 |[39m       
[33mUser[39m[33m.[39mfindByPk[33m.[39mmockResolvedValue({ id[33m:[39m 
[35m1[39m[33m,[39m destroy[33m:[39m jest[33m.[39mfn() })[33m;[39m
     [90m 95 |[39m       [36mawait[39m deleteUser(req[33m,[39m 
res)[33m;[39m
    [31m[1m>[22m[39m[90m 96 |[39m       expect(res[33m.[39mstatus)[33m
.[39mtoHaveBeenCalledWith([35m200[39m)[33m;[39m
     [90m    |[39m                          [31m[1m^[22m[39m
     [90m 97 |[39m     })[33m;[39m
     [90m 98 |[39m   })[33m;[39m
     [90m 99 |[39m[0m

      at Object.toHaveBeenCalledWith 
(src/__tests__/controllers/userController.test.js:96:26)

  ΓùÅ User Controller ΓÇ║ updateUserStatus ΓÇ║ should update user status

    expect(jest.fn()).toHaveBeenCalledWith(...expected)

    Expected: 200
    Received: 400

    Number of calls: 1

    [0m [90m 104 |[39m       
[33mUser[39m[33m.[39mfindByPk[33m.[39mmockResolvedValue({ id[33m:[39m 
[35m1[39m[33m,[39m update[33m:[39m jest[33m.[39mfn() })[33m;[39m
     [90m 105 |[39m       [36mawait[39m updateUserStatus(req[33m,[39m 
res)[33m;[39m
    [31m[1m>[22m[39m[90m 106 |[39m       expect(res[33m.[39mstatus)[33
m.[39mtoHaveBeenCalledWith([35m200[39m)[33m;[39m
     [90m     |[39m                          [31m[1m^[22m[39m
     [90m 107 |[39m     })[33m;[39m
     [90m 108 |[39m   })[33m;[39m
     [90m 109 |[39m })[33m;[39m[0m

      at Object.toHaveBeenCalledWith 
(src/__tests__/controllers/userController.test.js:106:26)

FAIL src/__tests__/controllers/routeStopController.test.js
  ΓùÅ Console

    console.log
      [dotenv@17.3.1] injecting env (6) from .env -- tip: ΓÜÖ∩╕Å  specify 
custom .env file path with { path: '/custom/path/.env' }

      at _log (node_modules/dotenv/lib/main.js:139:11)

    console.log
      [dotenv@17.3.1] injecting env (0) from .env -- tip: ΓÜÖ∩╕Å  write to 
custom object with { processEnv: myObject }

      at _log (node_modules/dotenv/lib/main.js:139:11)

  ΓùÅ Route Stop Controller ΓÇ║ createRouteStop ΓÇ║ should create stop

    expect(jest.fn()).toHaveBeenCalledWith(...expected)

    Expected: 201
    Received: 400

    Number of calls: 1

    [0m [90m 63 |[39m       
[33mRouteStop[39m[33m.[39mcreate[33m.[39mmockResolvedValue({ 
id[33m:[39m [35m1[39m[33m,[39m [33m...[39mreq[33m.[39mbody 
})[33m;[39m
     [90m 64 |[39m       [36mawait[39m createRouteStop(req[33m,[39m 
res)[33m;[39m
    [31m[1m>[22m[39m[90m 65 |[39m       expect(res[33m.[39mstatus)[33m
.[39mtoHaveBeenCalledWith([35m201[39m)[33m;[39m
     [90m    |[39m                          [31m[1m^[22m[39m
     [90m 66 |[39m     })[33m;[39m
     [90m 67 |[39m   })[33m;[39m
     [90m 68 |[39m[0m

      at Object.toHaveBeenCalledWith 
(src/__tests__/controllers/routeStopController.test.js:65:26)

FAIL src/__tests__/controllers/bookingController.test.js
  ΓùÅ Console

    console.log
      [dotenv@17.3.1] injecting env (6) from .env -- tip: ≡ƒöÉ prevent 
committing .env to code: https://dotenvx.com/precommit

      at _log (node_modules/dotenv/lib/main.js:139:11)

    console.error
      Error deleting booking: TypeError: res.status(...).send is not a function
          at send (D:\doanVEXE\bus-booking-project\backend\src\controllers\book
ingController.js:422:28)
          at processTicksAndRejections 
(node:internal/process/task_queues:104:5)
          at Object.<anonymous> (D:\doanVEXE\bus-booking-project\backend\src\__
tests__\controllers\bookingController.test.js:132:7)

    [0m [90m 422 |[39m     [36mreturn[39m 
res[33m.[39mstatus([35m204[39m)[33m.[39msend()[33m;[39m
     [90m 423 |[39m   } [36mcatch[39m (error) {
    [31m[1m>[22m[39m[90m 424 |[39m     
console[33m.[39merror([32m"Error deleting booking:"[39m[33m,[39m 
error)[33m;[39m
     [90m     |[39m             [31m[1m^[22m[39m
     [90m 425 |[39m     [36mreturn[39m 
res[33m.[39mstatus([35m500[39m)[33m.[39mjson({ message[33m:[39m 
[32m"─É├ú xß║úy ra lß╗ùi khi x├│a ─æß║╖t v├⌐."[39m })[33m;[39m
     [90m 426 |[39m   }
     [90m 427 |[39m }[33m;[39m[0m

      at error (src/controllers/bookingController.js:424:13)
      at Object.<anonymous> 
(src/__tests__/controllers/bookingController.test.js:132:7)

  ΓùÅ Booking Controller ΓÇ║ createBooking ΓÇ║ should create booking

    TypeError: _db.default.transaction is not a function

    [0m [90m 48 |[39m [36mexport[39m [36mconst[39m createBooking 
[33m=[39m [36masync[39m (req[33m,[39m res) [33m=>[39m {
     [90m 49 |[39m   [90m// ≡ƒöÑ Khß╗ƒi tß║ío khi├¬n bß║úo vß╗ç[39m
    [31m[1m>[22m[39m[90m 50 |[39m   [36mconst[39m t [33m=[39m 
[36mawait[39m sequelize[33m.[39mtransaction()[33m;[39m
     [90m    |[39m                             [31m[1m^[22m[39m
     [90m 51 |[39m
     [90m 52 |[39m   [36mtry[39m {
     [90m 53 |[39m     [36mconst[39m { userId[33m,[39m tripId[33m,[39m 
totalAmount[33m,[39m tickets } [33m=[39m req[33m.[39mbody[33m;[39m[0m

      at transaction (src/controllers/bookingController.js:50:29)
      at Object.<anonymous> 
(src/__tests__/controllers/bookingController.test.js:82:26)

  ΓùÅ Booking Controller ΓÇ║ createBooking ΓÇ║ should return 400 for invalid 
data

    TypeError: _db.default.transaction is not a function

    [0m [90m 48 |[39m [36mexport[39m [36mconst[39m createBooking 
[33m=[39m [36masync[39m (req[33m,[39m res) [33m=>[39m {
     [90m 49 |[39m   [90m// ≡ƒöÑ Khß╗ƒi tß║ío khi├¬n bß║úo vß╗ç[39m
    [31m[1m>[22m[39m[90m 50 |[39m   [36mconst[39m t [33m=[39m 
[36mawait[39m sequelize[33m.[39mtransaction()[33m;[39m
     [90m    |[39m                             [31m[1m^[22m[39m
     [90m 51 |[39m
     [90m 52 |[39m   [36mtry[39m {
     [90m 53 |[39m     [36mconst[39m { userId[33m,[39m tripId[33m,[39m 
totalAmount[33m,[39m tickets } [33m=[39m req[33m.[39mbody[33m;[39m[0m

      at transaction (src/controllers/bookingController.js:50:29)
      at Object.<anonymous> 
(src/__tests__/controllers/bookingController.test.js:88:26)

  ΓùÅ Booking Controller ΓÇ║ cancelBooking ΓÇ║ should cancel booking

    TypeError: _db.default.transaction is not a function

    [0m [90m 179 |[39m [36mexport[39m [36mconst[39m cancelBooking 
[33m=[39m [36masync[39m (req[33m,[39m res) [33m=>[39m {
     [90m 180 |[39m   [90m// ≡ƒöÑ Khß╗ƒi tß║ío khi├¬n bß║úo vß╗ç 
Transaction[39m
    [31m[1m>[22m[39m[90m 181 |[39m   [36mconst[39m t [33m=[39m 
[36mawait[39m sequelize[33m.[39mtransaction()[33m;[39m
     [90m     |[39m                             [31m[1m^[22m[39m
     [90m 182 |[39m
     [90m 183 |[39m   [36mtry[39m {
     [90m 184 |[39m     [36mconst[39m { bookingId } [33m=[39m 
req[33m.[39mparams[33m;[39m[0m

      at transaction (src/controllers/bookingController.js:181:29)
      at Object.<anonymous> 
(src/__tests__/controllers/bookingController.test.js:97:26)

  ΓùÅ Booking Controller ΓÇ║ cancelBooking ΓÇ║ should return 404 when not found

    TypeError: _db.default.transaction is not a function

    [0m [90m 179 |[39m [36mexport[39m [36mconst[39m cancelBooking 
[33m=[39m [36masync[39m (req[33m,[39m res) [33m=>[39m {
     [90m 180 |[39m   [90m// ≡ƒöÑ Khß╗ƒi tß║ío khi├¬n bß║úo vß╗ç 
Transaction[39m
    [31m[1m>[22m[39m[90m 181 |[39m   [36mconst[39m t [33m=[39m 
[36mawait[39m sequelize[33m.[39mtransaction()[33m;[39m
     [90m     |[39m                             [31m[1m^[22m[39m
     [90m 182 |[39m
     [90m 183 |[39m   [36mtry[39m {
     [90m 184 |[39m     [36mconst[39m { bookingId } [33m=[39m 
req[33m.[39mparams[33m;[39m[0m

      at transaction (src/controllers/bookingController.js:181:29)
      at Object.<anonymous> 
(src/__tests__/controllers/bookingController.test.js:104:26)

  ΓùÅ Booking Controller ΓÇ║ updateBooking ΓÇ║ should update booking

    TypeError: _db.default.transaction is not a function

    [0m [90m 318 |[39m
     [90m 319 |[39m [36mexport[39m [36mconst[39m updateBooking 
[33m=[39m [36masync[39m (req[33m,[39m res) [33m=>[39m {
    [31m[1m>[22m[39m[90m 320 |[39m   [36mconst[39m t [33m=[39m 
[36mawait[39m sequelize[33m.[39mtransaction()[33m;[39m
     [90m     |[39m                             [31m[1m^[22m[39m
     [90m 321 |[39m
     [90m 322 |[39m   [36mtry[39m {
     [90m 323 |[39m     [36mconst[39m { id } [33m=[39m 
req[33m.[39mparams[33m;[39m[0m

      at transaction (src/controllers/bookingController.js:320:29)
      at Object.<anonymous> 
(src/__tests__/controllers/bookingController.test.js:123:26)

  ΓùÅ Booking Controller ΓÇ║ deleteBooking ΓÇ║ should delete booking

    expect(jest.fn()).toHaveBeenCalledWith(...expected)

    Expected: 200
    Received
           1: 204
           2: 500

    Number of calls: 2

    [0m [90m 131 |[39m       
[33mBooking[39m[33m.[39mfindByPk[33m.[39mmockResolvedValue({ 
id[33m:[39m [35m1[39m[33m,[39m destroy[33m:[39m jest[33m.[39mfn() 
})[33m;[39m
     [90m 132 |[39m       [36mawait[39m deleteBooking(req[33m,[39m 
res)[33m;[39m
    [31m[1m>[22m[39m[90m 133 |[39m       expect(res[33m.[39mstatus)[33
m.[39mtoHaveBeenCalledWith([35m200[39m)[33m;[39m
     [90m     |[39m                          [31m[1m^[22m[39m
     [90m 134 |[39m     })[33m;[39m
     [90m 135 |[39m   })[33m;[39m
     [90m 136 |[39m[0m

      at Object.toHaveBeenCalledWith 
(src/__tests__/controllers/bookingController.test.js:133:26)

  ΓùÅ Booking Controller ΓÇ║ getBookingsByUser ΓÇ║ should return bookings by 
user

    expect(jest.fn()).toHaveBeenCalledWith(...expected)

    Expected: 200
    Received: 404

    Number of calls: 1

    [0m [90m 141 |[39m       ])[33m;[39m
     [90m 142 |[39m       [36mawait[39m getBookingsByUser(req[33m,[39m 
res)[33m;[39m
    [31m[1m>[22m[39m[90m 143 |[39m       expect(res[33m.[39mstatus)[33
m.[39mtoHaveBeenCalledWith([35m200[39m)[33m;[39m
     [90m     |[39m                          [31m[1m^[22m[39m
     [90m 144 |[39m     })[33m;[39m
     [90m 145 |[39m   })[33m;[39m
     [90m 146 |[39m })[33m;[39m[0m

      at Object.toHaveBeenCalledWith 
(src/__tests__/controllers/bookingController.test.js:143:26)

FAIL src/__tests__/controllers/busController.test.js
  ΓùÅ Console

    console.log
      [dotenv@17.3.1] injecting env (6) from .env -- tip: ≡ƒ¢í∩╕Å auth for 
agents: https://vestauth.com

      at _log (node_modules/dotenv/lib/main.js:139:11)

    console.log
      [dotenv@17.3.1] injecting env (0) from .env -- tip: ≡ƒ¢í∩╕Å auth for 
agents: https://vestauth.com

      at _log (node_modules/dotenv/lib/main.js:139:11)

    console.error
      Lß╗ùi khi lß║Ñy danh s├ích xe kh├ích: Error: DB Error
          at Object.<anonymous> (D:\doanVEXE\bus-booking-project\backend\src\__
tests__\controllers\busController.test.js:42:37)
          at Promise.finally.completed (D:\doanVEXE\bus-booking-project\backend
\node_modules\jest-circus\build\jestAdapterInit.js:1561:28)
          at new Promise (<anonymous>)
          at callAsyncCircusFn (D:\doanVEXE\bus-booking-project\backend\node_mo
dules\jest-circus\build\jestAdapterInit.js:1501:10)
          at _callCircusTest (D:\doanVEXE\bus-booking-project\backend\node_modu
les\jest-circus\build\jestAdapterInit.js:1011:40)
          at processTicksAndRejections 
(node:internal/process/task_queues:104:5)
          at _runTest (D:\doanVEXE\bus-booking-project\backend\node_modules\jes
t-circus\build\jestAdapterInit.js:951:3)
          at D:\doanVEXE\bus-booking-project\backend\node_modules\jest-circus\b
uild\jestAdapterInit.js:853:7
          at _runTestsForDescribeBlock (D:\doanVEXE\bus-booking-project\backend
\node_modules\jest-circus\build\jestAdapterInit.js:866:11)
          at _runTestsForDescribeBlock (D:\doanVEXE\bus-booking-project\backend
\node_modules\jest-circus\build\jestAdapterInit.js:861:11)
          at _runTestsForDescribeBlock (D:\doanVEXE\bus-booking-project\backend
\node_modules\jest-circus\build\jestAdapterInit.js:861:11)
          at run (D:\doanVEXE\bus-booking-project\backend\node_modules\jest-cir
cus\build\jestAdapterInit.js:765:3)
          at runAndTransformResultsToJestFormat (D:\doanVEXE\bus-booking-projec
t\backend\node_modules\jest-circus\build\jestAdapterInit.js:1993:21)
          at jestAdapter (D:\doanVEXE\bus-booking-project\backend\node_modules\
jest-circus\build\runner.js:111:19)
          at runTestInternal (D:\doanVEXE\bus-booking-project\backend\node_modu
les\jest-runner\build\testWorker.js:276:16)
          at runTest (D:\doanVEXE\bus-booking-project\backend\node_modules\jest
-runner\build\testWorker.js:344:7)
          at Object.worker (D:\doanVEXE\bus-booking-project\backend\node_module
s\jest-runner\build\testWorker.js:498:12)

    [0m [90m 10 |[39m     [36mreturn[39m 
res[33m.[39mstatus([35m200[39m)[33m.[39mjson(buses)[33m;[39m
     [90m 11 |[39m   } [36mcatch[39m (error) {
    [31m[1m>[22m[39m[90m 12 |[39m     
console[33m.[39merror([32m"Lß╗ùi khi lß║Ñy danh s├ích xe 
kh├ích:"[39m[33m,[39m error)[33m;[39m
     [90m    |[39m             [31m[1m^[22m[39m
     [90m 13 |[39m     [36mreturn[39m 
res[33m.[39mstatus([35m500[39m)[33m.[39mjson({ message[33m:[39m 
[32m"─É├ú xß║úy ra lß╗ùi hß╗ç thß╗æng."[39m })[33m;[39m
     [90m 14 |[39m   }
     [90m 15 |[39m }[33m;[39m[0m

      at error (src/controllers/busController.js:12:13)
      at Object.<anonymous> 
(src/__tests__/controllers/busController.test.js:43:7)

  ΓùÅ Bus Controller ΓÇ║ getBusById ΓÇ║ should return bus by id

    expect(jest.fn()).toHaveBeenCalledWith(...expected)

    Expected: 1
    Received: "1", {"include": [{"as": "busType", "model": [Function 
BusType]}]}

    Number of calls: 1

    [0m [90m 51 |[39m       
[33mBus[39m[33m.[39mfindByPk[33m.[39mmockResolvedValue({ id[33m:[39m 
[35m1[39m[33m,[39m licensePlate[33m:[39m [32m'XYZ123'[39m })[33m;[39m
     [90m 52 |[39m       [36mawait[39m getBusById(req[33m,[39m 
res)[33m;[39m
    [31m[1m>[22m[39m[90m 53 |[39m       expect([33mBus[39m[33m.[39mfi
ndByPk)[33m.[39mtoHaveBeenCalledWith([35m1[39m)[33m;[39m
     [90m    |[39m                            [31m[1m^[22m[39m
     [90m 54 |[39m       expect(res[33m.[39mstatus)[33m.[39mtoHaveBeenCal
ledWith([35m200[39m)[33m;[39m
     [90m 55 |[39m     })[33m;[39m
     [90m 56 |[39m[0m

      at Object.toHaveBeenCalledWith 
(src/__tests__/controllers/busController.test.js:53:28)

FAIL src/__tests__/controllers/tripController.test.js
  ΓùÅ Console

    console.error
      Lß╗ùi lß║Ñy chuyß║┐n ─æi: TypeError: trip.toJSON is not a function
          at toJSON (D:\doanVEXE\bus-booking-project\backend\src\controllers\tr
ipController.js:46:20)
          at processTicksAndRejections 
(node:internal/process/task_queues:104:5)
          at Object.<anonymous> (D:\doanVEXE\bus-booking-project\backend\src\__
tests__\controllers\tripController.test.js:79:7)

    [0m [90m 92 |[39m     [36mreturn[39m 
res[33m.[39mstatus([35m200[39m)[33m.[39mjson(t)[33m;[39m
     [90m 93 |[39m   } [36mcatch[39m (error) {
    [31m[1m>[22m[39m[90m 94 |[39m     
console[33m.[39merror([32m"Lß╗ùi lß║Ñy chuyß║┐n ─æi:"[39m[33m,[39m 
error)[33m;[39m
     [90m    |[39m             [31m[1m^[22m[39m
     [90m 95 |[39m     [36mreturn[39m 
res[33m.[39mstatus([35m500[39m)[33m.[39mjson({ message[33m:[39m 
[32m"Lß╗ùi hß╗ç thß╗æng."[39m })[33m;[39m
     [90m 96 |[39m   }
     [90m 97 |[39m }[33m;[39m[0m

      at error (src/controllers/tripController.js:94:13)
      at Object.<anonymous> 
(src/__tests__/controllers/tripController.test.js:79:7)

  ΓùÅ Trip Controller ΓÇ║ getTripById ΓÇ║ should return trip by id

    expect(jest.fn()).toHaveBeenCalledWith(...expected)

    Expected: 200
    Received: 500

    Number of calls: 1

    [0m [90m 78 |[39m       })[33m;[39m
     [90m 79 |[39m       [36mawait[39m getTripById(req[33m,[39m 
res)[33m;[39m
    [31m[1m>[22m[39m[90m 80 |[39m       expect(res[33m.[39mstatus)[33m
.[39mtoHaveBeenCalledWith([35m200[39m)[33m;[39m
     [90m    |[39m                          [31m[1m^[22m[39m
     [90m 81 |[39m     })[33m;[39m
     [90m 82 |[39m
     [90m 83 |[39m     test([32m'should return 404 when not 
found'[39m[33m,[39m [36masync[39m () [33m=>[39m {[0m

      at Object.toHaveBeenCalledWith 
(src/__tests__/controllers/tripController.test.js:80:26)

  ΓùÅ Trip Controller ΓÇ║ createTrip ΓÇ║ should create trip

    expect(jest.fn()).toHaveBeenCalledWith(...expected)

    Expected: 201
    Received: 404

    Number of calls: 1

    [0m [90m 94 |[39m       
[33mTrip[39m[33m.[39mcreate[33m.[39mmockResolvedValue({ id[33m:[39m 
[35m1[39m[33m,[39m [33m...[39mreq[33m.[39mbody })[33m;[39m
     [90m 95 |[39m       [36mawait[39m createTrip(req[33m,[39m 
res)[33m;[39m
    [31m[1m>[22m[39m[90m 96 |[39m       expect(res[33m.[39mstatus)[33m
.[39mtoHaveBeenCalledWith([35m201[39m)[33m;[39m
     [90m    |[39m                          [31m[1m^[22m[39m
     [90m 97 |[39m     })[33m;[39m
     [90m 98 |[39m
     [90m 99 |[39m     test([32m'should return 400 for invalid 
data'[39m[33m,[39m [36masync[39m () [33m=>[39m {[0m

      at Object.toHaveBeenCalledWith 
(src/__tests__/controllers/tripController.test.js:96:26)

  ΓùÅ Trip Controller ΓÇ║ searchTrips ΓÇ║ should search trips

    expect(jest.fn()).toHaveBeenCalledWith(...expected)

    Expected: 200

    Number of calls: 0

    [0m [90m 130 |[39m       ])[33m;[39m
     [90m 131 |[39m       [36mawait[39m searchTrips(req[33m,[39m 
res)[33m;[39m
    [31m[1m>[22m[39m[90m 132 |[39m       expect(res[33m.[39mstatus)[33
m.[39mtoHaveBeenCalledWith([35m200[39m)[33m;[39m
     [90m     |[39m                          [31m[1m^[22m[39m
     [90m 133 |[39m     })[33m;[39m
     [90m 134 |[39m   })[33m;[39m
     [90m 135 |[39m })[33m;[39m[0m

      at Object.toHaveBeenCalledWith 
(src/__tests__/controllers/tripController.test.js:132:26)

FAIL src/__tests__/controllers/tripSeatController.test.js
  ΓùÅ Console

    console.log
      [dotenv@17.3.1] injecting env (6) from .env -- tip: ΓÜÖ∩╕Å  load 
multiple .env files with { path: ['.env.local', '.env'] }

      at _log (node_modules/dotenv/lib/main.js:139:11)

    console.log
      [dotenv@17.3.1] injecting env (0) from .env -- tip: ΓÜÖ∩╕Å  load 
multiple .env files with { path: ['.env.local', '.env'] }

      at _log (node_modules/dotenv/lib/main.js:139:11)

  ΓùÅ Trip Seat Controller ΓÇ║ createTripSeat ΓÇ║ should create seat

    expect(jest.fn()).toHaveBeenCalledWith(...expected)

    Expected: 201
    Received: 400

    Number of calls: 1

    [0m [90m 66 |[39m       
[33mTripSeat[39m[33m.[39mcreate[33m.[39mmockResolvedValue({ 
id[33m:[39m [35m1[39m[33m,[39m [33m...[39mreq[33m.[39mbody 
})[33m;[39m
     [90m 67 |[39m       [36mawait[39m createTripSeat(req[33m,[39m 
res)[33m;[39m
    [31m[1m>[22m[39m[90m 68 |[39m       expect(res[33m.[39mstatus)[33m
.[39mtoHaveBeenCalledWith([35m201[39m)[33m;[39m
     [90m    |[39m                          [31m[1m^[22m[39m
     [90m 69 |[39m     })[33m;[39m
     [90m 70 |[39m   })[33m;[39m
     [90m 71 |[39m[0m

      at Object.toHaveBeenCalledWith 
(src/__tests__/controllers/tripSeatController.test.js:68:26)

  ΓùÅ Trip Seat Controller ΓÇ║ holdSeats ΓÇ║ should hold seats

    expect(jest.fn()).toHaveBeenCalledWith(...expected)

    Expected: 200
    Received: 400

    Number of calls: 1

    [0m [90m 94 |[39m       [33mTripSeat[39m[33m.[39mupdate[33m.[39mmo
ckResolvedValue([[35m1[39m])[33m;[39m
     [90m 95 |[39m       [36mawait[39m holdSeats(req[33m,[39m 
res)[33m;[39m
    [31m[1m>[22m[39m[90m 96 |[39m       expect(res[33m.[39mstatus)[33m
.[39mtoHaveBeenCalledWith([35m200[39m)[33m;[39m
     [90m    |[39m                          [31m[1m^[22m[39m
     [90m 97 |[39m     })[33m;[39m
     [90m 98 |[39m   })[33m;[39m
     [90m 99 |[39m[0m

      at Object.toHaveBeenCalledWith 
(src/__tests__/controllers/tripSeatController.test.js:96:26)

  ΓùÅ Trip Seat Controller ΓÇ║ releaseSeats ΓÇ║ should release seats

    expect(jest.fn()).toHaveBeenCalledWith(...expected)

    Expected: 200

    Number of calls: 0

    [0m [90m 103 |[39m       [33mTripSeat[39m[33m.[39mupdate[33m.[39mm
ockResolvedValue([[35m1[39m])[33m;[39m
     [90m 104 |[39m       [36mawait[39m releaseSeats(req[33m,[39m 
res)[33m;[39m
    [31m[1m>[22m[39m[90m 105 |[39m       expect(res[33m.[39mstatus)[33
m.[39mtoHaveBeenCalledWith([35m200[39m)[33m;[39m
     [90m     |[39m                          [31m[1m^[22m[39m
     [90m 106 |[39m     })[33m;[39m
     [90m 107 |[39m   })[33m;[39m
     [90m 108 |[39m[0m

      at Object.toHaveBeenCalledWith 
(src/__tests__/controllers/tripSeatController.test.js:105:26)

  ΓùÅ Trip Seat Controller ΓÇ║ autoReleaseSeats ΓÇ║ should auto release 
expired seats

    ReferenceError: Op is not defined

    [0m [90m 200 |[39m         status[33m:[39m 
[32m"pending"[39m[33m,[39m
     [90m 201 |[39m         pendingUntil[33m:[39m {
    [31m[1m>[22m[39m[90m 202 |[39m           
[[33mOp[39m[33m.[39mlt][33m:[39m [36mnew[39m 
[33mDate[39m()[33m,[39m
     [90m     |[39m            [31m[1m^[22m[39m
     [90m 203 |[39m         }[33m,[39m
     [90m 204 |[39m       }[33m,[39m
     [90m 205 |[39m     }[0m

      at Op (src/controllers/tripSeatController.js:202:12)
      at Object.<anonymous> 
(src/__tests__/controllers/tripSeatController.test.js:112:29)

FAIL src/__tests__/controllers/priceRuleController.test.js
  ΓùÅ Console

    console.log
      [dotenv@17.3.1] injecting env (6) from .env -- tip: ΓÜÖ∩╕Å  suppress all 
logs with { quiet: true }

      at _log (node_modules/dotenv/lib/main.js:139:11)

    console.log
      [dotenv@17.3.1] injecting env (0) from .env -- tip: ΓÜÖ∩╕Å  override 
existing env vars with { override: true }

      at _log (node_modules/dotenv/lib/main.js:139:11)

  ΓùÅ Price Rule Controller ΓÇ║ createPriceRule ΓÇ║ should create rule

    expect(jest.fn()).toHaveBeenCalledWith(...expected)

    Expected: 201
    Received: 400

    Number of calls: 1

    [0m [90m 62 |[39m       
[33mPriceRule[39m[33m.[39mcreate[33m.[39mmockResolvedValue({ 
id[33m:[39m [35m1[39m[33m,[39m [33m...[39mreq[33m.[39mbody 
})[33m;[39m
     [90m 63 |[39m       [36mawait[39m createPriceRule(req[33m,[39m 
res)[33m;[39m
    [31m[1m>[22m[39m[90m 64 |[39m       expect(res[33m.[39mstatus)[33m
.[39mtoHaveBeenCalledWith([35m201[39m)[33m;[39m
     [90m    |[39m                          [31m[1m^[22m[39m
     [90m 65 |[39m     })[33m;[39m
     [90m 66 |[39m   })[33m;[39m
     [90m 67 |[39m[0m

      at Object.toHaveBeenCalledWith 
(src/__tests__/controllers/priceRuleController.test.js:64:26)

FAIL src/__tests__/controllers/routeFareController.test.js
  ΓùÅ Console

    console.log
      [dotenv@17.3.1] injecting env (6) from .env -- tip: ΓÜÖ∩╕Å  write to 
custom object with { processEnv: myObject }

      at _log (node_modules/dotenv/lib/main.js:139:11)

    console.log
      [dotenv@17.3.1] injecting env (0) from .env -- tip: ΓÜÖ∩╕Å  override 
existing env vars with { override: true }

      at _log (node_modules/dotenv/lib/main.js:139:11)

  ΓùÅ Route Fare Controller ΓÇ║ createRouteFare ΓÇ║ should create fare

    expect(jest.fn()).toHaveBeenCalledWith(...expected)

    Expected: 201
    Received: 400

    Number of calls: 1

    [0m [90m 51 |[39m       
[33mRouteFare[39m[33m.[39mcreate[33m.[39mmockResolvedValue({ 
id[33m:[39m [35m1[39m[33m,[39m [33m...[39mreq[33m.[39mbody 
})[33m;[39m
     [90m 52 |[39m       [36mawait[39m createRouteFare(req[33m,[39m 
res)[33m;[39m
    [31m[1m>[22m[39m[90m 53 |[39m       expect(res[33m.[39mstatus)[33m
.[39mtoHaveBeenCalledWith([35m201[39m)[33m;[39m
     [90m    |[39m                          [31m[1m^[22m[39m
     [90m 54 |[39m     })[33m;[39m
     [90m 55 |[39m   })[33m;[39m
     [90m 56 |[39m[0m

      at Object.toHaveBeenCalledWith 
(src/__tests__/controllers/routeFareController.test.js:53:26)

FAIL src/__tests__/controllers/busTypeController.test.js
  ΓùÅ Console

    console.log
      [dotenv@17.3.1] injecting env (6) from .env -- tip: ΓÜÖ∩╕Å  specify 
custom .env file path with { path: '/custom/path/.env' }

      at _log (node_modules/dotenv/lib/main.js:139:11)

    console.error
      Lß╗ùi khi lß║Ñy danh s├ích loß║íi xe: Error: DB Error
          at Object.<anonymous> (D:\doanVEXE\bus-booking-project\backend\src\__
tests__\controllers\busTypeController.test.js:42:41)
          at Promise.finally.completed (D:\doanVEXE\bus-booking-project\backend
\node_modules\jest-circus\build\jestAdapterInit.js:1561:28)
          at new Promise (<anonymous>)
          at callAsyncCircusFn (D:\doanVEXE\bus-booking-project\backend\node_mo
dules\jest-circus\build\jestAdapterInit.js:1501:10)
          at _callCircusTest (D:\doanVEXE\bus-booking-project\backend\node_modu
les\jest-circus\build\jestAdapterInit.js:1011:40)
          at processTicksAndRejections 
(node:internal/process/task_queues:104:5)
          at _runTest (D:\doanVEXE\bus-booking-project\backend\node_modules\jes
t-circus\build\jestAdapterInit.js:951:3)
          at D:\doanVEXE\bus-booking-project\backend\node_modules\jest-circus\b
uild\jestAdapterInit.js:853:7
          at _runTestsForDescribeBlock (D:\doanVEXE\bus-booking-project\backend
\node_modules\jest-circus\build\jestAdapterInit.js:866:11)
          at _runTestsForDescribeBlock (D:\doanVEXE\bus-booking-project\backend
\node_modules\jest-circus\build\jestAdapterInit.js:861:11)
          at _runTestsForDescribeBlock (D:\doanVEXE\bus-booking-project\backend
\node_modules\jest-circus\build\jestAdapterInit.js:861:11)
          at run (D:\doanVEXE\bus-booking-project\backend\node_modules\jest-cir
cus\build\jestAdapterInit.js:765:3)
          at runAndTransformResultsToJestFormat (D:\doanVEXE\bus-booking-projec
t\backend\node_modules\jest-circus\build\jestAdapterInit.js:1993:21)
          at jestAdapter (D:\doanVEXE\bus-booking-project\backend\node_modules\
jest-circus\build\runner.js:111:19)
          at runTestInternal (D:\doanVEXE\bus-booking-project\backend\node_modu
les\jest-runner\build\testWorker.js:276:16)
          at runTest (D:\doanVEXE\bus-booking-project\backend\node_modules\jest
-runner\build\testWorker.js:344:7)
          at Object.worker (D:\doanVEXE\bus-booking-project\backend\node_module
s\jest-runner\build\testWorker.js:498:12)

    [0m [90m  7 |[39m     [36mreturn[39m 
res[33m.[39mstatus([35m200[39m)[33m.[39mjson(busTypes)[33m;[39m
     [90m  8 |[39m   } [36mcatch[39m (error) {
    [31m[1m>[22m[39m[90m  9 |[39m     
console[33m.[39merror([32m"Lß╗ùi khi lß║Ñy danh s├ích loß║íi 
xe:"[39m[33m,[39m error)[33m;[39m
     [90m    |[39m             [31m[1m^[22m[39m
     [90m 10 |[39m     [36mreturn[39m 
res[33m.[39mstatus([35m500[39m)[33m.[39mjson({ message[33m:[39m 
[32m"─É├ú xß║úy ra lß╗ùi hß╗ç thß╗æng."[39m })[33m;[39m
     [90m 11 |[39m   }
     [90m 12 |[39m }[33m;[39m[0m

      at error (src/controllers/busTypeController.js:9:13)
      at Object.<anonymous> 
(src/__tests__/controllers/busTypeController.test.js:43:7)

  ΓùÅ Bus Type Controller ΓÇ║ createBusType ΓÇ║ should create bus type

    expect(jest.fn()).toHaveBeenCalled()

    Expected number of calls: >= 1
    Received number of calls:    0

    [0m [90m 67 |[39m       
[33mBusType[39m[33m.[39mcreate[33m.[39mmockResolvedValue({ id[33m:[39m 
[35m1[39m[33m,[39m [33m...[39mreq[33m.[39mbody })[33m;[39m
     [90m 68 |[39m       [36mawait[39m createBusType(req[33m,[39m 
res)[33m;[39m
    [31m[1m>[22m[39m[90m 69 |[39m       expect([33mBusType[39m[33m.[3
9mcreate)[33m.[39mtoHaveBeenCalled()[33m;[39m
     [90m    |[39m                              [31m[1m^[22m[39m
     [90m 70 |[39m       expect(res[33m.[39mstatus)[33m.[39mtoHaveBeenCal
ledWith([35m201[39m)[33m;[39m
     [90m 71 |[39m     })[33m;[39m
     [90m 72 |[39m[0m

      at Object.toHaveBeenCalled 
(src/__tests__/controllers/busTypeController.test.js:69:30)

FAIL src/__tests__/controllers/routeController.test.js
  ΓùÅ Console

    console.log
      [dotenv@17.3.1] injecting env (6) from .env -- tip: ΓÜÖ∩╕Å  specify 
custom .env file path with { path: '/custom/path/.env' }

      at _log (node_modules/dotenv/lib/main.js:139:11)

  ΓùÅ Route Controller ΓÇ║ createRoute ΓÇ║ should create route

    expect(jest.fn()).toHaveBeenCalledWith(...expected)

    Expected: 201
    Received: 400

    Number of calls: 1

    [0m [90m 58 |[39m       
[33mRoute[39m[33m.[39mcreate[33m.[39mmockResolvedValue({ id[33m:[39m 
[35m1[39m[33m,[39m [33m...[39mreq[33m.[39mbody })[33m;[39m
     [90m 59 |[39m       [36mawait[39m createRoute(req[33m,[39m 
res)[33m;[39m
    [31m[1m>[22m[39m[90m 60 |[39m       expect(res[33m.[39mstatus)[33m
.[39mtoHaveBeenCalledWith([35m201[39m)[33m;[39m
     [90m    |[39m                          [31m[1m^[22m[39m
     [90m 61 |[39m     })[33m;[39m
     [90m 62 |[39m   })[33m;[39m
     [90m 63 |[39m[0m

      at Object.toHaveBeenCalledWith 
(src/__tests__/controllers/routeController.test.js:60:26)

FAIL src/__tests__/controllers/paymentController.test.js
  ΓùÅ Test suite failed to run

    TypeError: _vnpay.VNPay is not a constructor

    [0m [90m 12 |[39m
     [90m 13 |[39m
    [31m[1m>[22m[39m[90m 14 |[39m [36mconst[39m vnpay [33m=[39m 
[36mnew[39m [33mVNPay[39m({
     [90m    |[39m               [31m[1m^[22m[39m
     [90m 15 |[39m     tmnCode[33m:[39m 
process[33m.[39menv[33m.[39mvnp_TmnCode[33m,[39m
     [90m 16 |[39m     secureSecret[33m:[39m 
process[33m.[39menv[33m.[39mvnp_HashSecret[33m,[39m
     [90m 17 |[39m     vnpayHost[33m:[39m 
[32m'https://sandbox.vnpayment.vn'[39m[33m,[39m [90m// M├┤i tr╞░ß╗¥ng 
test Sandbox[39m[0m

      at Object.<anonymous> (src/controllers/paymentController.js:14:15)
      at Object.require 
(src/__tests__/controllers/paymentController.test.js:8:1)

PASS src/__tests__/controllers/authController.test.js
  ΓùÅ Console

    console.log
      [dotenv@17.3.1] injecting env (6) from .env -- tip: ≡ƒöÉ encrypt with 
Dotenvx: https://dotenvx.com

      at _log (node_modules/dotenv/lib/main.js:139:11)

    console.log
      [dotenv@17.3.1] injecting env (0) from .env -- tip: ≡ƒ¢á∩╕Å  run 
anywhere with `dotenvx run -- yourcommand`

      at _log (node_modules/dotenv/lib/main.js:139:11)

    console.error
      Lß╗ùi khi ─æ─âng k├╜: Error: DB Error
          at Object.<anonymous> (D:\doanVEXE\bus-booking-project\backend\src\__
tests__\controllers\authController.test.js:163:41)
          at Promise.finally.completed (D:\doanVEXE\bus-booking-project\backend
\node_modules\jest-circus\build\jestAdapterInit.js:1561:28)
          at new Promise (<anonymous>)
          at callAsyncCircusFn (D:\doanVEXE\bus-booking-project\backend\node_mo
dules\jest-circus\build\jestAdapterInit.js:1501:10)
          at _callCircusTest (D:\doanVEXE\bus-booking-project\backend\node_modu
les\jest-circus\build\jestAdapterInit.js:1011:40)
          at processTicksAndRejections 
(node:internal/process/task_queues:104:5)
          at _runTest (D:\doanVEXE\bus-booking-project\backend\node_modules\jes
t-circus\build\jestAdapterInit.js:951:3)
          at D:\doanVEXE\bus-booking-project\backend\node_modules\jest-circus\b
uild\jestAdapterInit.js:853:7
          at _runTestsForDescribeBlock (D:\doanVEXE\bus-booking-project\backend
\node_modules\jest-circus\build\jestAdapterInit.js:866:11)
          at _runTestsForDescribeBlock (D:\doanVEXE\bus-booking-project\backend
\node_modules\jest-circus\build\jestAdapterInit.js:861:11)
          at _runTestsForDescribeBlock (D:\doanVEXE\bus-booking-project\backend
\node_modules\jest-circus\build\jestAdapterInit.js:861:11)
          at run (D:\doanVEXE\bus-booking-project\backend\node_modules\jest-cir
cus\build\jestAdapterInit.js:765:3)
          at runAndTransformResultsToJestFormat (D:\doanVEXE\bus-booking-projec
t\backend\node_modules\jest-circus\build\jestAdapterInit.js:1993:21)
          at jestAdapter (D:\doanVEXE\bus-booking-project\backend\node_modules\
jest-circus\build\runner.js:111:19)
          at runTestInternal (D:\doanVEXE\bus-booking-project\backend\node_modu
les\jest-runner\build\testWorker.js:276:16)
          at runTest (D:\doanVEXE\bus-booking-project\backend\node_modules\jest
-runner\build\testWorker.js:344:7)
          at Object.worker (D:\doanVEXE\bus-booking-project\backend\node_module
s\jest-runner\build\testWorker.js:498:12)

    [0m [90m 53 |[39m    }
     [90m 54 |[39m    [36mcatch[39m (error) {
    [31m[1m>[22m[39m[90m 55 |[39m     
console[33m.[39merror([32m"Lß╗ùi khi ─æ─âng k├╜:"[39m[33m,[39m 
error)[33m;[39m
     [90m    |[39m             [31m[1m^[22m[39m
     [90m 56 |[39m     [36mreturn[39m 
res[33m.[39mstatus([35m500[39m)[33m.[39mjson({ message[33m:[39m 
[32m"─É├ú xß║úy ra lß╗ùi khi ─æ─âng k├╜ roi."[39m })[33m;[39m
     [90m 57 |[39m   }
     [90m 58 |[39m }[33m;[39m[0m

      at error (src/controllers/authController.js:55:13)
      at Object.<anonymous> 
(src/__tests__/controllers/authController.test.js:165:7)

PASS src/__tests__/services/emailService.test.js
PASS src/__tests__/controllers/ticketController.test.js
  ΓùÅ Console

    console.log
      [dotenv@17.3.1] injecting env (6) from .env -- tip: ≡ƒöÉ prevent 
committing .env to code: https://dotenvx.com/precommit

      at _log (node_modules/dotenv/lib/main.js:139:11)

    console.log
      [dotenv@17.3.1] injecting env (0) from .env -- tip: ΓÜí∩╕Å secrets for 
agents: https://dotenvx.com/as2

      at _log (node_modules/dotenv/lib/main.js:139:11)

    console.log
      [dotenv@17.3.1] injecting env (0) from .env -- tip: ΓÜÖ∩╕Å  specify 
custom .env file path with { path: '/custom/path/.env' }

      at _log (node_modules/dotenv/lib/main.js:139:11)

    console.log
      [dotenv@17.3.1] injecting env (0) from .env -- tip: ΓÜÖ∩╕Å  suppress all 
logs with { quiet: true }

      at _log (node_modules/dotenv/lib/main.js:139:11)

PASS src/__tests__/routes/authRoute.test.js
A worker process has failed to exit gracefully and has been force exited. This 
is likely caused by tests leaking due to improper teardown. Try running with 
--detectOpenHandles to find leaks. Active timers can also cause this, ensure 
that .unref() was called on them.

Test Suites: 11 failed, 4 passed, 15 total
Tests:       22 failed, 93 passed, 115 total
Snapshots:   0 total
Time:        7.881 s, estimated 9 s
Ran all test suites.
Force exiting Jest: Have you considered using `--detectOpenHandles` to detect 
async operations that kept running after all tests finished?
