
> backend@1.0.0 test
> jest --no-coverage

node.exe : FAIL src/__tests__/controllers/userControllerNew.test.js
At line:1 char:1
+ & "C:\Program Files\nodejs/node.exe" "C:\Program Files\nodejs/node_mo ...
+ ~~~~~~~~~~~~~~~~~~~~~~~~~~~~~~~~~~~~~~~~~~~~~~~~~~~~~~~~~~~~~~~~~~~~~
    + CategoryInfo          : NotSpecified: (FAIL src/__test...llerNew.test.js 
   :String) [], RemoteException
    + FullyQualifiedErrorId : NativeCommandError
 
  ΓùÅ Console

    console.error
      Lß╗ùi khi lß║Ñy danh s├ích ng╞░ß╗¥i d├╣ng: Error: DB Error
          at Object.<anonymous> (D:\doanVEXE\bus-booking-project\backend\src\__
tests__\controllers\userControllerNew.test.js:117:38)
          at Promise.finally.completed (D:\doanVEXE\bus-booking-project\backend
\node_modules\jest-circus\build\jestAdapterInit.js:1561:28)
          at new Promise (<anonymous>)
          at callAsyncCircusFn (D:\doanVEXE\bus-booking-project\backend\node_mo
dules\jest-circus\build\jestAdapterInit.js:1501:10)
          at _callCircusTest (D:\doanVEXE\bus-booking-project\backend\node_modu
les\jest-circus\build\jestAdapterInit.js:1011:40)
          at processTicksAndRejections 
(node:internal/process/task_queues:104:5)
          at _runTest (D:\doanVEXE\bus-booking-project\backend\node_modules\jes
t-circus\build\jestAdapterInit.js:951:3)
          at D:\doanVEXE\bus-booking-project\backend\node_modules\jest-circus\b
uild\jestAdapterInit.js:853:7
          at _runTestsForDescribeBlock (D:\doanVEXE\bus-booking-project\backend
\node_modules\jest-circus\build\jestAdapterInit.js:866:11)
          at _runTestsForDescribeBlock (D:\doanVEXE\bus-booking-project\backend
\node_modules\jest-circus\build\jestAdapterInit.js:861:11)
          at _runTestsForDescribeBlock (D:\doanVEXE\bus-booking-project\backend
\node_modules\jest-circus\build\jestAdapterInit.js:861:11)
          at run (D:\doanVEXE\bus-booking-project\backend\node_modules\jest-cir
cus\build\jestAdapterInit.js:765:3)
          at runAndTransformResultsToJestFormat (D:\doanVEXE\bus-booking-projec
t\backend\node_modules\jest-circus\build\jestAdapterInit.js:1993:21)
          at jestAdapter (D:\doanVEXE\bus-booking-project\backend\node_modules\
jest-circus\build\runner.js:111:19)
          at runTestInternal (D:\doanVEXE\bus-booking-project\backend\node_modu
les\jest-runner\build\testWorker.js:276:16)
          at runTest (D:\doanVEXE\bus-booking-project\backend\node_modules\jest
-runner\build\testWorker.js:344:7)
          at Object.worker (D:\doanVEXE\bus-booking-project\backend\node_module
s\jest-runner\build\testWorker.js:498:12)

    [0m [90m 21 |[39m     [36mreturn[39m 
res[33m.[39mstatus([35m200[39m)[33m.[39mjson(users)[33m;[39m
     [90m 22 |[39m   } [36mcatch[39m (error) {
    [31m[1m>[22m[39m[90m 23 |[39m     
console[33m.[39merror([32m"Lß╗ùi khi lß║Ñy danh s├ích ng╞░ß╗¥i 
d├╣ng:"[39m[33m,[39m error)[33m;[39m
     [90m    |[39m             [31m[1m^[22m[39m
     [90m 24 |[39m     [36mreturn[39m 
res[33m.[39mstatus([35m500[39m)[33m.[39mjson({ message[33m:[39m 
[32m"Lß╗ùi hß╗ç thß╗æng khi lß║Ñy danh s├ích ng╞░ß╗¥i d├╣ng."[39m 
})[33m;[39m
     [90m 25 |[39m   }
     [90m 26 |[39m }[33m;[39m[0m

      at error (src/controllers/userController.js:23:13)
      at Object.<anonymous> 
(src/__tests__/controllers/userControllerNew.test.js:119:7)

    console.error
      Lß╗ùi khi tß║ío ng╞░ß╗¥i d├╣ng: Error: DB Error
          at Object.<anonymous> (D:\doanVEXE\bus-booking-project\backend\src\__
tests__\controllers\userControllerNew.test.js:226:38)
          at Promise.finally.completed (D:\doanVEXE\bus-booking-project\backend
\node_modules\jest-circus\build\jestAdapterInit.js:1561:28)
          at new Promise (<anonymous>)
          at callAsyncCircusFn (D:\doanVEXE\bus-booking-project\backend\node_mo
dules\jest-circus\build\jestAdapterInit.js:1501:10)
          at _callCircusTest (D:\doanVEXE\bus-booking-project\backend\node_modu
les\jest-circus\build\jestAdapterInit.js:1011:40)
          at processTicksAndRejections 
(node:internal/process/task_queues:104:5)
          at _runTest (D:\doanVEXE\bus-booking-project\backend\node_modules\jes
t-circus\build\jestAdapterInit.js:951:3)
          at D:\doanVEXE\bus-booking-project\backend\node_modules\jest-circus\b
uild\jestAdapterInit.js:853:7
          at _runTestsForDescribeBlock (D:\doanVEXE\bus-booking-project\backend
\node_modules\jest-circus\build\jestAdapterInit.js:866:11)
          at _runTestsForDescribeBlock (D:\doanVEXE\bus-booking-project\backend
\node_modules\jest-circus\build\jestAdapterInit.js:861:11)
          at _runTestsForDescribeBlock (D:\doanVEXE\bus-booking-project\backend
\node_modules\jest-circus\build\jestAdapterInit.js:861:11)
          at run (D:\doanVEXE\bus-booking-project\backend\node_modules\jest-cir
cus\build\jestAdapterInit.js:765:3)
          at runAndTransformResultsToJestFormat (D:\doanVEXE\bus-booking-projec
t\backend\node_modules\jest-circus\build\jestAdapterInit.js:1993:21)
          at jestAdapter (D:\doanVEXE\bus-booking-project\backend\node_modules\
jest-circus\build\runner.js:111:19)
          at runTestInternal (D:\doanVEXE\bus-booking-project\backend\node_modu
les\jest-runner\build\testWorker.js:276:16)
          at runTest (D:\doanVEXE\bus-booking-project\backend\node_modules\jest
-runner\build\testWorker.js:344:7)
          at Object.worker (D:\doanVEXE\bus-booking-project\backend\node_module
s\jest-runner\build\testWorker.js:498:12)

    [0m [90m 65 |[39m     [36mreturn[39m 
res[33m.[39mstatus([35m201[39m)[33m.[39mjson(userRes)[33m;[39m
     [90m 66 |[39m   } [36mcatch[39m (error) {
    [31m[1m>[22m[39m[90m 67 |[39m     
console[33m.[39merror([32m"Lß╗ùi khi tß║ío ng╞░ß╗¥i d├╣ng:"[39m[33m,[39m 
error)[33m;[39m
     [90m    |[39m             [31m[1m^[22m[39m
     [90m 68 |[39m     [36mreturn[39m 
res[33m.[39mstatus([35m500[39m)[33m.[39mjson({ message[33m:[39m 
[32m"Lß╗ùi hß╗ç thß╗æng khi tß║ío ng╞░ß╗¥i d├╣ng."[39m })[33m;[39m
     [90m 69 |[39m   }
     [90m 70 |[39m }[33m;[39m[0m

      at error (src/controllers/userController.js:67:13)
      at Object.<anonymous> 
(src/__tests__/controllers/userControllerNew.test.js:228:7)

    console.error
      Lß╗ùi khi cß║¡p nhß║¡t ng╞░ß╗¥i d├╣ng: TypeError: user.update is not a 
function
          at update (D:\doanVEXE\bus-booking-project\backend\src\controllers\us
erController.js:111:16)
          at processTicksAndRejections 
(node:internal/process/task_queues:104:5)
          at Object.<anonymous> (D:\doanVEXE\bus-booking-project\backend\src\__
tests__\controllers\userControllerNew.test.js:254:7)

    [0m [90m 118 |[39m     [36mreturn[39m 
res[33m.[39mstatus([35m200[39m)[33m.[39mjson(updatedUser)[33m;[39m
     [90m 119 |[39m   } [36mcatch[39m (error) {
    [31m[1m>[22m[39m[90m 120 |[39m     
console[33m.[39merror([32m"Lß╗ùi khi cß║¡p nhß║¡t ng╞░ß╗¥i 
d├╣ng:"[39m[33m,[39m error)[33m;[39m
     [90m     |[39m             [31m[1m^[22m[39m
     [90m 121 |[39m     [36mreturn[39m 
res[33m.[39mstatus([35m500[39m)[33m.[39mjson({ message[33m:[39m 
[32m"Lß╗ùi hß╗ç thß╗æng khi cß║¡p nhß║¡t ng╞░ß╗¥i d├╣ng."[39m })[33m;[39m
     [90m 122 |[39m   }
     [90m 123 |[39m }[33m;[39m[0m

      at error (src/controllers/userController.js:120:13)
      at Object.<anonymous> 
(src/__tests__/controllers/userControllerNew.test.js:254:7)

    console.error
      Lß╗ùi khi cß║¡p nhß║¡t ng╞░ß╗¥i d├╣ng: TypeError: user.update is not a 
function
          at update (D:\doanVEXE\bus-booking-project\backend\src\controllers\us
erController.js:111:16)
          at processTicksAndRejections 
(node:internal/process/task_queues:104:5)
          at Object.<anonymous> (D:\doanVEXE\bus-booking-project\backend\src\__
tests__\controllers\userControllerNew.test.js:266:7)

    [0m [90m 118 |[39m     [36mreturn[39m 
res[33m.[39mstatus([35m200[39m)[33m.[39mjson(updatedUser)[33m;[39m
     [90m 119 |[39m   } [36mcatch[39m (error) {
    [31m[1m>[22m[39m[90m 120 |[39m     
console[33m.[39merror([32m"Lß╗ùi khi cß║¡p nhß║¡t ng╞░ß╗¥i 
d├╣ng:"[39m[33m,[39m error)[33m;[39m
     [90m     |[39m             [31m[1m^[22m[39m
     [90m 121 |[39m     [36mreturn[39m 
res[33m.[39mstatus([35m500[39m)[33m.[39mjson({ message[33m:[39m 
[32m"Lß╗ùi hß╗ç thß╗æng khi cß║¡p nhß║¡t ng╞░ß╗¥i d├╣ng."[39m })[33m;[39m
     [90m 122 |[39m   }
     [90m 123 |[39m }[33m;[39m[0m

      at error (src/controllers/userController.js:120:13)
      at Object.<anonymous> 
(src/__tests__/controllers/userControllerNew.test.js:266:7)

    console.error
      Lß╗ùi khi cß║¡p nhß║¡t ng╞░ß╗¥i d├╣ng: TypeError: user.update is not a 
function
          at update (D:\doanVEXE\bus-booking-project\backend\src\controllers\us
erController.js:111:16)
          at processTicksAndRejections 
(node:internal/process/task_queues:104:5)
          at Object.<anonymous> (D:\doanVEXE\bus-booking-project\backend\src\__
tests__\controllers\userControllerNew.test.js:277:7)

    [0m [90m 118 |[39m     [36mreturn[39m 
res[33m.[39mstatus([35m200[39m)[33m.[39mjson(updatedUser)[33m;[39m
     [90m 119 |[39m   } [36mcatch[39m (error) {
    [31m[1m>[22m[39m[90m 120 |[39m     
console[33m.[39merror([32m"Lß╗ùi khi cß║¡p nhß║¡t ng╞░ß╗¥i 
d├╣ng:"[39m[33m,[39m error)[33m;[39m
     [90m     |[39m             [31m[1m^[22m[39m
     [90m 121 |[39m     [36mreturn[39m 
res[33m.[39mstatus([35m500[39m)[33m.[39mjson({ message[33m:[39m 
[32m"Lß╗ùi hß╗ç thß╗æng khi cß║¡p nhß║¡t ng╞░ß╗¥i d├╣ng."[39m })[33m;[39m
     [90m 122 |[39m   }
     [90m 123 |[39m }[33m;[39m[0m

      at error (src/controllers/userController.js:120:13)
      at Object.<anonymous> 
(src/__tests__/controllers/userControllerNew.test.js:277:7)

    console.error
      Lß╗ùi khi cß║¡p nhß║¡t ng╞░ß╗¥i d├╣ng: TypeError: user.update is not a 
function
          at update (D:\doanVEXE\bus-booking-project\backend\src\controllers\us
erController.js:111:16)
          at processTicksAndRejections 
(node:internal/process/task_queues:104:5)
          at Object.<anonymous> (D:\doanVEXE\bus-booking-project\backend\src\__
tests__\controllers\userControllerNew.test.js:289:7)

    [0m [90m 118 |[39m     [36mreturn[39m 
res[33m.[39mstatus([35m200[39m)[33m.[39mjson(updatedUser)[33m;[39m
     [90m 119 |[39m   } [36mcatch[39m (error) {
    [31m[1m>[22m[39m[90m 120 |[39m     
console[33m.[39merror([32m"Lß╗ùi khi cß║¡p nhß║¡t ng╞░ß╗¥i 
d├╣ng:"[39m[33m,[39m error)[33m;[39m
     [90m     |[39m             [31m[1m^[22m[39m
     [90m 121 |[39m     [36mreturn[39m 
res[33m.[39mstatus([35m500[39m)[33m.[39mjson({ message[33m:[39m 
[32m"Lß╗ùi hß╗ç thß╗æng khi cß║¡p nhß║¡t ng╞░ß╗¥i d├╣ng."[39m })[33m;[39m
     [90m 122 |[39m   }
     [90m 123 |[39m }[33m;[39m[0m

      at error (src/controllers/userController.js:120:13)
      at Object.<anonymous> 
(src/__tests__/controllers/userControllerNew.test.js:289:7)

    console.error
      Lß╗ùi khi cß║¡p nhß║¡t ng╞░ß╗¥i d├╣ng: TypeError: user.update is not a 
function
          at update (D:\doanVEXE\bus-booking-project\backend\src\controllers\us
erController.js:111:16)
          at processTicksAndRejections 
(node:internal/process/task_queues:104:5)
          at Object.<anonymous> (D:\doanVEXE\bus-booking-project\backend\src\__
tests__\controllers\userControllerNew.test.js:300:7)

    [0m [90m 118 |[39m     [36mreturn[39m 
res[33m.[39mstatus([35m200[39m)[33m.[39mjson(updatedUser)[33m;[39m
     [90m 119 |[39m   } [36mcatch[39m (error) {
    [31m[1m>[22m[39m[90m 120 |[39m     
console[33m.[39merror([32m"Lß╗ùi khi cß║¡p nhß║¡t ng╞░ß╗¥i 
d├╣ng:"[39m[33m,[39m error)[33m;[39m
     [90m     |[39m             [31m[1m^[22m[39m
     [90m 121 |[39m     [36mreturn[39m 
res[33m.[39mstatus([35m500[39m)[33m.[39mjson({ message[33m:[39m 
[32m"Lß╗ùi hß╗ç thß╗æng khi cß║¡p nhß║¡t ng╞░ß╗¥i d├╣ng."[39m })[33m;[39m
     [90m 122 |[39m   }
     [90m 123 |[39m }[33m;[39m[0m

      at error (src/controllers/userController.js:120:13)
      at Object.<anonymous> 
(src/__tests__/controllers/userControllerNew.test.js:300:7)

    console.error
      Lß╗ùi khi cß║¡p nhß║¡t ng╞░ß╗¥i d├╣ng: Error: Error
          at Object.<anonymous> (D:\doanVEXE\bus-booking-project\backend\src\__
tests__\controllers\userControllerNew.test.js:307:39)
          at Promise.finally.completed (D:\doanVEXE\bus-booking-project\backend
\node_modules\jest-circus\build\jestAdapterInit.js:1561:28)
          at new Promise (<anonymous>)
          at callAsyncCircusFn (D:\doanVEXE\bus-booking-project\backend\node_mo
dules\jest-circus\build\jestAdapterInit.js:1501:10)
          at _callCircusTest (D:\doanVEXE\bus-booking-project\backend\node_modu
les\jest-circus\build\jestAdapterInit.js:1011:40)
          at processTicksAndRejections 
(node:internal/process/task_queues:104:5)
          at _runTest (D:\doanVEXE\bus-booking-project\backend\node_modules\jes
t-circus\build\jestAdapterInit.js:951:3)
          at D:\doanVEXE\bus-booking-project\backend\node_modules\jest-circus\b
uild\jestAdapterInit.js:853:7
          at _runTestsForDescribeBlock (D:\doanVEXE\bus-booking-project\backend
\node_modules\jest-circus\build\jestAdapterInit.js:866:11)
          at _runTestsForDescribeBlock (D:\doanVEXE\bus-booking-project\backend
\node_modules\jest-circus\build\jestAdapterInit.js:861:11)
          at _runTestsForDescribeBlock (D:\doanVEXE\bus-booking-project\backend
\node_modules\jest-circus\build\jestAdapterInit.js:861:11)
          at run (D:\doanVEXE\bus-booking-project\backend\node_modules\jest-cir
cus\build\jestAdapterInit.js:765:3)
          at runAndTransformResultsToJestFormat (D:\doanVEXE\bus-booking-projec
t\backend\node_modules\jest-circus\build\jestAdapterInit.js:1993:21)
          at jestAdapter (D:\doanVEXE\bus-booking-project\backend\node_modules\
jest-circus\build\runner.js:111:19)
          at runTestInternal (D:\doanVEXE\bus-booking-project\backend\node_modu
les\jest-runner\build\testWorker.js:276:16)
          at runTest (D:\doanVEXE\bus-booking-project\backend\node_modules\jest
-runner\build\testWorker.js:344:7)
          at Object.worker (D:\doanVEXE\bus-booking-project\backend\node_module
s\jest-runner\build\testWorker.js:498:12)

    [0m [90m 118 |[39m     [36mreturn[39m 
res[33m.[39mstatus([35m200[39m)[33m.[39mjson(updatedUser)[33m;[39m
     [90m 119 |[39m   } [36mcatch[39m (error) {
    [31m[1m>[22m[39m[90m 120 |[39m     
console[33m.[39merror([32m"Lß╗ùi khi cß║¡p nhß║¡t ng╞░ß╗¥i 
d├╣ng:"[39m[33m,[39m error)[33m;[39m
     [90m     |[39m             [31m[1m^[22m[39m
     [90m 121 |[39m     [36mreturn[39m 
res[33m.[39mstatus([35m500[39m)[33m.[39mjson({ message[33m:[39m 
[32m"Lß╗ùi hß╗ç thß╗æng khi cß║¡p nhß║¡t ng╞░ß╗¥i d├╣ng."[39m })[33m;[39m
     [90m 122 |[39m   }
     [90m 123 |[39m }[33m;[39m[0m

      at error (src/controllers/userController.js:120:13)
      at Object.<anonymous> 
(src/__tests__/controllers/userControllerNew.test.js:309:7)

    console.error
      Lß╗ùi khi x├│a ng╞░ß╗¥i d├╣ng: Error: Error
          at Object.<anonymous> (D:\doanVEXE\bus-booking-project\backend\src\__
tests__\controllers\userControllerNew.test.js:340:39)
          at Promise.finally.completed (D:\doanVEXE\bus-booking-project\backend
\node_modules\jest-circus\build\jestAdapterInit.js:1561:28)
          at new Promise (<anonymous>)
          at callAsyncCircusFn (D:\doanVEXE\bus-booking-project\backend\node_mo
dules\jest-circus\build\jestAdapterInit.js:1501:10)
          at _callCircusTest (D:\doanVEXE\bus-booking-project\backend\node_modu
les\jest-circus\build\jestAdapterInit.js:1011:40)
          at processTicksAndRejections 
(node:internal/process/task_queues:104:5)
          at _runTest (D:\doanVEXE\bus-booking-project\backend\node_modules\jes
t-circus\build\jestAdapterInit.js:951:3)
          at D:\doanVEXE\bus-booking-project\backend\node_modules\jest-circus\b
uild\jestAdapterInit.js:853:7
          at _runTestsForDescribeBlock (D:\doanVEXE\bus-booking-project\backend
\node_modules\jest-circus\build\jestAdapterInit.js:866:11)
          at _runTestsForDescribeBlock (D:\doanVEXE\bus-booking-project\backend
\node_modules\jest-circus\build\jestAdapterInit.js:861:11)
          at _runTestsForDescribeBlock (D:\doanVEXE\bus-booking-project\backend
\node_modules\jest-circus\build\jestAdapterInit.js:861:11)
          at run (D:\doanVEXE\bus-booking-project\backend\node_modules\jest-cir
cus\build\jestAdapterInit.js:765:3)
          at runAndTransformResultsToJestFormat (D:\doanVEXE\bus-booking-projec
t\backend\node_modules\jest-circus\build\jestAdapterInit.js:1993:21)
          at jestAdapter (D:\doanVEXE\bus-booking-project\backend\node_modules\
jest-circus\build\runner.js:111:19)
          at runTestInternal (D:\doanVEXE\bus-booking-project\backend\node_modu
les\jest-runner\build\testWorker.js:276:16)
          at runTest (D:\doanVEXE\bus-booking-project\backend\node_modules\jest
-runner\build\testWorker.js:344:7)
          at Object.worker (D:\doanVEXE\bus-booking-project\backend\node_module
s\jest-runner\build\testWorker.js:498:12)

    [0m [90m 140 |[39m     [36mreturn[39m 
res[33m.[39mstatus([35m200[39m)[33m.[39mjson({ message[33m:[39m 
[32m"X├│a t├ái khoß║ún th├ánh c├┤ng."[39m })[33m;[39m
     [90m 141 |[39m   } [36mcatch[39m (error) {
    [31m[1m>[22m[39m[90m 142 |[39m     
console[33m.[39merror([32m"Lß╗ùi khi x├│a ng╞░ß╗¥i d├╣ng:"[39m[33m,[39m 
error)[33m;[39m
     [90m     |[39m             [31m[1m^[22m[39m
     [90m 143 |[39m     [36mreturn[39m 
res[33m.[39mstatus([35m500[39m)[33m.[39mjson({ message[33m:[39m 
[32m"Lß╗ùi hß╗ç thß╗æng khi x├│a ng╞░ß╗¥i d├╣ng."[39m })[33m;[39m
     [90m 144 |[39m   }
     [90m 145 |[39m }[33m;[39m[0m

      at error (src/controllers/userController.js:142:13)
      at Object.<anonymous> 
(src/__tests__/controllers/userControllerNew.test.js:342:7)

  ΓùÅ User Controller - Complete Test Suite ΓÇ║ getAllUsers - Get all users 
(Admin) ΓÇ║ should return 500 on database error

    expect(jest.fn()).toHaveBeenCalledWith(...expected)

    - Expected
    + Received

      Object {
    -   "message": StringContaining "lß╗ùi",
    +   "message": "Lß╗ùi hß╗ç thß╗æng khi lß║Ñy danh s├ích ng╞░ß╗¥i d├╣ng.",
      },

    Number of calls: 1

    [0m [90m 120 |[39m
     [90m 121 |[39m       expect(res[33m.[39mstatus)[33m.[39mtoHaveBeenCa
lledWith([35m500[39m)[33m;[39m
    [31m[1m>[22m[39m[90m 122 |[39m       
expect(res[33m.[39mjson)[33m.[39mtoHaveBeenCalledWith({
     [90m     |[39m                        [31m[1m^[22m[39m
     [90m 123 |[39m         message[33m:[39m 
expect[33m.[39mstringContaining([32m'lß╗ùi'[39m)
     [90m 124 |[39m       })[33m;[39m
     [90m 125 |[39m     })[33m;[39m[0m

      at Object.toHaveBeenCalledWith 
(src/__tests__/controllers/userControllerNew.test.js:122:24)

  ΓùÅ User Controller - Complete Test Suite ΓÇ║ updateUser - Update user info 
(Admin) ΓÇ║ should update user fullName

    expect(jest.fn()).toHaveBeenCalledWith(...expected)

    Expected: 200
    Received: 500

    Number of calls: 1

    [0m [90m 254 |[39m       [36mawait[39m updateUser(req[33m,[39m 
res)[33m;[39m
     [90m 255 |[39m
    [31m[1m>[22m[39m[90m 256 |[39m       expect(res[33m.[39mstatus)[33
m.[39mtoHaveBeenCalledWith([35m200[39m)[33m;[39m
     [90m     |[39m                          [31m[1m^[22m[39m
     [90m 257 |[39m     })[33m;[39m
     [90m 258 |[39m
     [90m 259 |[39m     test([32m'should update user email'[39m[33m,[39m 
[36masync[39m () [33m=>[39m {[0m

      at Object.toHaveBeenCalledWith 
(src/__tests__/controllers/userControllerNew.test.js:256:26)

  ΓùÅ User Controller - Complete Test Suite ΓÇ║ updateUser - Update user info 
(Admin) ΓÇ║ should update user email

    expect(jest.fn()).toHaveBeenCalledWith(...expected)

    Expected: 200
    Received: 500

    Number of calls: 1

    [0m [90m 266 |[39m       [36mawait[39m updateUser(req[33m,[39m 
res)[33m;[39m
     [90m 267 |[39m
    [31m[1m>[22m[39m[90m 268 |[39m       expect(res[33m.[39mstatus)[33
m.[39mtoHaveBeenCalledWith([35m200[39m)[33m;[39m
     [90m     |[39m                          [31m[1m^[22m[39m
     [90m 269 |[39m     })[33m;[39m
     [90m 270 |[39m
     [90m 271 |[39m     test([32m'should update user phone'[39m[33m,[39m 
[36masync[39m () [33m=>[39m {[0m

      at Object.toHaveBeenCalledWith 
(src/__tests__/controllers/userControllerNew.test.js:268:26)

  ΓùÅ User Controller - Complete Test Suite ΓÇ║ updateUser - Update user info 
(Admin) ΓÇ║ should update user phone

    expect(jest.fn()).toHaveBeenCalledWith(...expected)

    Expected: 200
    Received: 500

    Number of calls: 1

    [0m [90m 277 |[39m       [36mawait[39m updateUser(req[33m,[39m 
res)[33m;[39m
     [90m 278 |[39m
    [31m[1m>[22m[39m[90m 279 |[39m       expect(res[33m.[39mstatus)[33
m.[39mtoHaveBeenCalledWith([35m200[39m)[33m;[39m
     [90m     |[39m                          [31m[1m^[22m[39m
     [90m 280 |[39m     })[33m;[39m
     [90m 281 |[39m
     [90m 282 |[39m     test([32m'should hash password if 
provided'[39m[33m,[39m [36masync[39m () [33m=>[39m {[0m

      at Object.toHaveBeenCalledWith 
(src/__tests__/controllers/userControllerNew.test.js:279:26)

  ΓùÅ User Controller - Complete Test Suite ΓÇ║ updateUser - Update user info 
(Admin) ΓÇ║ should update user role

    expect(jest.fn()).toHaveBeenCalledWith(...expected)

    Expected: 200
    Received: 500

    Number of calls: 1

    [0m [90m 300 |[39m       [36mawait[39m updateUser(req[33m,[39m 
res)[33m;[39m
     [90m 301 |[39m
    [31m[1m>[22m[39m[90m 302 |[39m       expect(res[33m.[39mstatus)[33
m.[39mtoHaveBeenCalledWith([35m200[39m)[33m;[39m
     [90m     |[39m                          [31m[1m^[22m[39m
     [90m 303 |[39m     })[33m;[39m
     [90m 304 |[39m
     [90m 305 |[39m     test([32m'should return 500 on 
error'[39m[33m,[39m [36masync[39m () [33m=>[39m {[0m

      at Object.toHaveBeenCalledWith 
(src/__tests__/controllers/userControllerNew.test.js:302:26)

  ΓùÅ User Controller - Complete Test Suite ΓÇ║ deleteUser - Delete user 
(Admin) ΓÇ║ should delete user successfully

    expect(jest.fn()).toHaveBeenCalledWith(...expected)

    Expected: 200
    Received: 400

    Number of calls: 1

    [0m [90m 333 |[39m       [36mawait[39m deleteUser(req[33m,[39m 
res)[33m;[39m
     [90m 334 |[39m
    [31m[1m>[22m[39m[90m 335 |[39m       expect(res[33m.[39mstatus)[33
m.[39mtoHaveBeenCalledWith([35m200[39m)[33m;[39m
     [90m     |[39m                          [31m[1m^[22m[39m
     [90m 336 |[39m     })[33m;[39m
     [90m 337 |[39m
     [90m 338 |[39m     test([32m'should return 500 on 
error'[39m[33m,[39m [36masync[39m () [33m=>[39m {[0m

      at Object.toHaveBeenCalledWith 
(src/__tests__/controllers/userControllerNew.test.js:335:26)

  ΓùÅ User Controller - Complete Test Suite ΓÇ║ updateUserStatus - Update user 
status (Admin) ΓÇ║ should return 404 when user not found

    expect(jest.fn()).toHaveBeenCalledWith(...expected)

    Expected: 404
    Received: 400

    Number of calls: 1

    [0m [90m 357 |[39m       [36mawait[39m 
updateUserStatus(req[33m,[39m res)[33m;[39m
     [90m 358 |[39m
    [31m[1m>[22m[39m[90m 359 |[39m       expect(res[33m.[39mstatus)[33
m.[39mtoHaveBeenCalledWith([35m404[39m)[33m;[39m
     [90m     |[39m                          [31m[1m^[22m[39m
     [90m 360 |[39m     })[33m;[39m
     [90m 361 |[39m
     [90m 362 |[39m     test([32m'should update user to 
inactive'[39m[33m,[39m [36masync[39m () [33m=>[39m {[0m

      at Object.toHaveBeenCalledWith 
(src/__tests__/controllers/userControllerNew.test.js:359:26)

  ΓùÅ User Controller - Complete Test Suite ΓÇ║ updateUserStatus - Update user 
status (Admin) ΓÇ║ should update user to inactive

    expect(jest.fn()).toHaveBeenCalledWith(...expected)

    Expected: 200
    Received: 400

    Number of calls: 1

    [0m [90m 368 |[39m       [36mawait[39m 
updateUserStatus(req[33m,[39m res)[33m;[39m
     [90m 369 |[39m
    [31m[1m>[22m[39m[90m 370 |[39m       expect(res[33m.[39mstatus)[33
m.[39mtoHaveBeenCalledWith([35m200[39m)[33m;[39m
     [90m     |[39m                          [31m[1m^[22m[39m
     [90m 371 |[39m     })[33m;[39m
     [90m 372 |[39m
     [90m 373 |[39m     test([32m'should update user to 
active'[39m[33m,[39m [36masync[39m () [33m=>[39m {[0m

      at Object.toHaveBeenCalledWith 
(src/__tests__/controllers/userControllerNew.test.js:370:26)

  ΓùÅ User Controller - Complete Test Suite ΓÇ║ updateUserStatus - Update user 
status (Admin) ΓÇ║ should update user to active

    expect(jest.fn()).toHaveBeenCalledWith(...expected)

    Expected: 200
    Received: 400

    Number of calls: 1

    [0m [90m 379 |[39m       [36mawait[39m 
updateUserStatus(req[33m,[39m res)[33m;[39m
     [90m 380 |[39m
    [31m[1m>[22m[39m[90m 381 |[39m       expect(res[33m.[39mstatus)[33
m.[39mtoHaveBeenCalledWith([35m200[39m)[33m;[39m
     [90m     |[39m                          [31m[1m^[22m[39m
     [90m 382 |[39m     })[33m;[39m
     [90m 383 |[39m
     [90m 384 |[39m     test([32m'should return 400 for invalid 
status'[39m[33m,[39m [36masync[39m () [33m=>[39m {[0m

      at Object.toHaveBeenCalledWith 
(src/__tests__/controllers/userControllerNew.test.js:381:26)

  ΓùÅ User Controller - Complete Test Suite ΓÇ║ updateUserStatus - Update user 
status (Admin) ΓÇ║ should return 500 on error

    expect(jest.fn()).toHaveBeenCalledWith(...expected)

    Expected: 500
    Received: 400

    Number of calls: 1

    [0m [90m 399 |[39m       [36mawait[39m 
updateUserStatus(req[33m,[39m res)[33m;[39m
     [90m 400 |[39m
    [31m[1m>[22m[39m[90m 401 |[39m       expect(res[33m.[39mstatus)[33
m.[39mtoHaveBeenCalledWith([35m500[39m)[33m;[39m
     [90m     |[39m                          [31m[1m^[22m[39m
     [90m 402 |[39m     })[33m;[39m
     [90m 403 |[39m   })[33m;[39m
     [90m 404 |[39m[0m

      at Object.toHaveBeenCalledWith 
(src/__tests__/controllers/userControllerNew.test.js:401:26)

FAIL src/__tests__/controllers/userControllerFixed.test.js
  ΓùÅ Console

    console.error
      Lß╗ùi khi lß║Ñy danh s├ích ng╞░ß╗¥i d├╣ng: Error: DB Error
          at Object.<anonymous> (D:\doanVEXE\bus-booking-project\backend\src\__
tests__\controllers\userControllerFixed.test.js:107:38)
          at Promise.finally.completed (D:\doanVEXE\bus-booking-project\backend
\node_modules\jest-circus\build\jestAdapterInit.js:1561:28)
          at new Promise (<anonymous>)
          at callAsyncCircusFn (D:\doanVEXE\bus-booking-project\backend\node_mo
dules\jest-circus\build\jestAdapterInit.js:1501:10)
          at _callCircusTest (D:\doanVEXE\bus-booking-project\backend\node_modu
les\jest-circus\build\jestAdapterInit.js:1011:40)
          at processTicksAndRejections 
(node:internal/process/task_queues:104:5)
          at _runTest (D:\doanVEXE\bus-booking-project\backend\node_modules\jes
t-circus\build\jestAdapterInit.js:951:3)
          at D:\doanVEXE\bus-booking-project\backend\node_modules\jest-circus\b
uild\jestAdapterInit.js:853:7
          at _runTestsForDescribeBlock (D:\doanVEXE\bus-booking-project\backend
\node_modules\jest-circus\build\jestAdapterInit.js:866:11)
          at _runTestsForDescribeBlock (D:\doanVEXE\bus-booking-project\backend
\node_modules\jest-circus\build\jestAdapterInit.js:861:11)
          at _runTestsForDescribeBlock (D:\doanVEXE\bus-booking-project\backend
\node_modules\jest-circus\build\jestAdapterInit.js:861:11)
          at run (D:\doanVEXE\bus-booking-project\backend\node_modules\jest-cir
cus\build\jestAdapterInit.js:765:3)
          at runAndTransformResultsToJestFormat (D:\doanVEXE\bus-booking-projec
t\backend\node_modules\jest-circus\build\jestAdapterInit.js:1993:21)
          at jestAdapter (D:\doanVEXE\bus-booking-project\backend\node_modules\
jest-circus\build\runner.js:111:19)
          at runTestInternal (D:\doanVEXE\bus-booking-project\backend\node_modu
les\jest-runner\build\testWorker.js:276:16)
          at runTest (D:\doanVEXE\bus-booking-project\backend\node_modules\jest
-runner\build\testWorker.js:344:7)
          at Object.worker (D:\doanVEXE\bus-booking-project\backend\node_module
s\jest-runner\build\testWorker.js:498:12)

    [0m [90m 21 |[39m     [36mreturn[39m 
res[33m.[39mstatus([35m200[39m)[33m.[39mjson(users)[33m;[39m
     [90m 22 |[39m   } [36mcatch[39m (error) {
    [31m[1m>[22m[39m[90m 23 |[39m     
console[33m.[39merror([32m"Lß╗ùi khi lß║Ñy danh s├ích ng╞░ß╗¥i 
d├╣ng:"[39m[33m,[39m error)[33m;[39m
     [90m    |[39m             [31m[1m^[22m[39m
     [90m 24 |[39m     [36mreturn[39m 
res[33m.[39mstatus([35m500[39m)[33m.[39mjson({ message[33m:[39m 
[32m"Lß╗ùi hß╗ç thß╗æng khi lß║Ñy danh s├ích ng╞░ß╗¥i d├╣ng."[39m 
})[33m;[39m
     [90m 25 |[39m   }
     [90m 26 |[39m }[33m;[39m[0m

      at error (src/controllers/userController.js:23:13)
      at Object.<anonymous> 
(src/__tests__/controllers/userControllerFixed.test.js:109:7)

  ΓùÅ User Controller - Complete Test Suite ΓÇ║ getUserById - Get user by ID 
ΓÇ║ should retrieve user by id successfully

    TypeError: (0 , _userController.getUserById) is not a function

    [0m [90m 120 |[39m       [33mUser[39m[33m.[39mfindByPk[33m.[39mmoc
kResolvedValue(mockUser)[33m;[39m
     [90m 121 |[39m
    [31m[1m>[22m[39m[90m 122 |[39m       [36mawait[39m 
getUserById(req[33m,[39m res)[33m;[39m
     [90m     |[39m                        [31m[1m^[22m[39m
     [90m 123 |[39m
     [90m 124 |[39m       expect([33mUser[39m[33m.[39mfindByPk)[33m.[39
mtoHaveBeenCalledWith([35m1[39m[33m,[39m 
expect[33m.[39many([33mObject[39m))[33m;[39m
     [90m 125 |[39m       expect(res[33m.[39mstatus)[33m.[39mtoHaveBeenCa
lledWith([35m200[39m)[33m;[39m[0m

      at Object.<anonymous> 
(src/__tests__/controllers/userControllerFixed.test.js:122:24)

  ΓùÅ User Controller - Complete Test Suite ΓÇ║ getUserById - Get user by ID 
ΓÇ║ should return 404 when user not found

    TypeError: (0 , _userController.getUserById) is not a function

    [0m [90m 130 |[39m       [33mUser[39m[33m.[39mfindByPk[33m.[39mmoc
kResolvedValue([36mnull[39m)[33m;[39m
     [90m 131 |[39m
    [31m[1m>[22m[39m[90m 132 |[39m       [36mawait[39m 
getUserById(req[33m,[39m res)[33m;[39m
     [90m     |[39m                        [31m[1m^[22m[39m
     [90m 133 |[39m
     [90m 134 |[39m       expect(res[33m.[39mstatus)[33m.[39mtoHaveBeenCa
lledWith([35m404[39m)[33m;[39m
     [90m 135 |[39m     })[33m;[39m[0m

      at Object.<anonymous> 
(src/__tests__/controllers/userControllerFixed.test.js:132:24)

  ΓùÅ User Controller - Complete Test Suite ΓÇ║ getUserById - Get user by ID 
ΓÇ║ should include user bookings

    TypeError: (0 , _userController.getUserById) is not a function

    [0m [90m 140 |[39m       [33mUser[39m[33m.[39mfindByPk[33m.[39mmoc
kResolvedValue(mockUser)[33m;[39m
     [90m 141 |[39m
    [31m[1m>[22m[39m[90m 142 |[39m       [36mawait[39m 
getUserById(req[33m,[39m res)[33m;[39m
     [90m     |[39m                        [31m[1m^[22m[39m
     [90m 143 |[39m
     [90m 144 |[39m       expect(res[33m.[39mstatus)[33m.[39mtoHaveBeenCa
lledWith([35m200[39m)[33m;[39m
     [90m 145 |[39m     })[33m;[39m[0m

      at Object.<anonymous> 
(src/__tests__/controllers/userControllerFixed.test.js:142:24)

  ΓùÅ User Controller - Complete Test Suite ΓÇ║ getUserById - Get user by ID 
ΓÇ║ should return 500 on error

    TypeError: (0 , _userController.getUserById) is not a function

    [0m [90m 149 |[39m       
[33mUser[39m[33m.[39mfindByPk[33m.[39mmockRejectedValue([36mnew[39m 
[33mError[39m([32m'Error'[39m))[33m;[39m
     [90m 150 |[39m
    [31m[1m>[22m[39m[90m 151 |[39m       [36mawait[39m 
getUserById(req[33m,[39m res)[33m;[39m
     [90m     |[39m                        [31m[1m^[22m[39m
     [90m 152 |[39m
     [90m 153 |[39m       expect(res[33m.[39mstatus)[33m.[39mtoHaveBeenCa
lledWith([35m500[39m)[33m;[39m
     [90m 154 |[39m     })[33m;[39m[0m

      at Object.<anonymous> 
(src/__tests__/controllers/userControllerFixed.test.js:151:24)

  ΓùÅ User Controller - Complete Test Suite ΓÇ║ getUserProfile - Get current 
user profile ΓÇ║ should retrieve user profile

    TypeError: (0 , _userController.getUserProfile) is not a function

    [0m [90m 162 |[39m       [33mUser[39m[33m.[39mfindByPk[33m.[39mmoc
kResolvedValue(mockUser)[33m;[39m
     [90m 163 |[39m
    [31m[1m>[22m[39m[90m 164 |[39m       [36mawait[39m 
getUserProfile(req[33m,[39m res)[33m;[39m
     [90m     |[39m                           [31m[1m^[22m[39m
     [90m 165 |[39m
     [90m 166 |[39m       expect([33mUser[39m[33m.[39mfindByPk)[33m.[39
mtoHaveBeenCalledWith([35m1[39m)[33m;[39m
     [90m 167 |[39m       expect(res[33m.[39mstatus)[33m.[39mtoHaveBeenCa
lledWith([35m200[39m)[33m;[39m[0m

      at Object.<anonymous> 
(src/__tests__/controllers/userControllerFixed.test.js:164:27)

  ΓùÅ User Controller - Complete Test Suite ΓÇ║ getUserProfile - Get current 
user profile ΓÇ║ should return 404 if user not found

    TypeError: (0 , _userController.getUserProfile) is not a function

    [0m [90m 172 |[39m       [33mUser[39m[33m.[39mfindByPk[33m.[39mmoc
kResolvedValue([36mnull[39m)[33m;[39m
     [90m 173 |[39m
    [31m[1m>[22m[39m[90m 174 |[39m       [36mawait[39m 
getUserProfile(req[33m,[39m res)[33m;[39m
     [90m     |[39m                           [31m[1m^[22m[39m
     [90m 175 |[39m
     [90m 176 |[39m       expect(res[33m.[39mstatus)[33m.[39mtoHaveBeenCa
lledWith([35m404[39m)[33m;[39m
     [90m 177 |[39m     })[33m;[39m[0m

      at Object.<anonymous> 
(src/__tests__/controllers/userControllerFixed.test.js:174:27)

  ΓùÅ User Controller - Complete Test Suite ΓÇ║ updateUserProfile - Update 
user profile ΓÇ║ should return 404 if user not found

    TypeError: (0 , _userController.updateUserProfile) is not a function

    [0m [90m 185 |[39m       [33mUser[39m[33m.[39mfindByPk[33m.[39mmoc
kResolvedValue([36mnull[39m)[33m;[39m
     [90m 186 |[39m
    [31m[1m>[22m[39m[90m 187 |[39m       [36mawait[39m 
updateUserProfile(req[33m,[39m res)[33m;[39m
     [90m     |[39m                              [31m[1m^[22m[39m
     [90m 188 |[39m
     [90m 189 |[39m       expect(res[33m.[39mstatus)[33m.[39mtoHaveBeenCa
lledWith([35m404[39m)[33m;[39m
     [90m 190 |[39m     })[33m;[39m[0m

      at Object.<anonymous> 
(src/__tests__/controllers/userControllerFixed.test.js:187:30)

  ΓùÅ User Controller - Complete Test Suite ΓÇ║ updateUserProfile - Update 
user profile ΓÇ║ should update user fullName

    TypeError: (0 , _userController.updateUserProfile) is not a function

    [0m [90m 196 |[39m       [33mUser[39m[33m.[39mfindByPk[33m.[39mmoc
kResolvedValue(mockUser)[33m;[39m
     [90m 197 |[39m
    [31m[1m>[22m[39m[90m 198 |[39m       [36mawait[39m 
updateUserProfile(req[33m,[39m res)[33m;[39m
     [90m     |[39m                              [31m[1m^[22m[39m
     [90m 199 |[39m
     [90m 200 |[39m       expect(res[33m.[39mstatus)[33m.[39mtoHaveBeenCa
lledWith([35m200[39m)[33m;[39m
     [90m 201 |[39m     })[33m;[39m[0m

      at Object.<anonymous> 
(src/__tests__/controllers/userControllerFixed.test.js:198:30)

  ΓùÅ User Controller - Complete Test Suite ΓÇ║ updateUserProfile - Update 
user profile ΓÇ║ should update user phone

    TypeError: (0 , _userController.updateUserProfile) is not a function

    [0m [90m 207 |[39m       [33mUser[39m[33m.[39mfindByPk[33m.[39mmoc
kResolvedValue(mockUser)[33m;[39m
     [90m 208 |[39m
    [31m[1m>[22m[39m[90m 209 |[39m       [36mawait[39m 
updateUserProfile(req[33m,[39m res)[33m;[39m
     [90m     |[39m                              [31m[1m^[22m[39m
     [90m 210 |[39m
     [90m 211 |[39m       expect(res[33m.[39mstatus)[33m.[39mtoHaveBeenCa
lledWith([35m200[39m)[33m;[39m
     [90m 212 |[39m     })[33m;[39m[0m

      at Object.<anonymous> 
(src/__tests__/controllers/userControllerFixed.test.js:209:30)

  ΓùÅ User Controller - Complete Test Suite ΓÇ║ updateUserProfile - Update 
user profile ΓÇ║ should hash password if provided

    TypeError: (0 , _userController.updateUserProfile) is not a function

    [0m [90m 219 |[39m       bcrypt[33m.[39mhash[33m.[39mmockResolvedVal
ue([32m'hashedPassword'[39m)[33m;[39m
     [90m 220 |[39m
    [31m[1m>[22m[39m[90m 221 |[39m       [36mawait[39m 
updateUserProfile(req[33m,[39m res)[33m;[39m
     [90m     |[39m                              [31m[1m^[22m[39m
     [90m 222 |[39m
     [90m 223 |[39m       
expect(bcrypt[33m.[39mhash)[33m.[39mtoHaveBeenCalled()[33m;[39m
     [90m 224 |[39m       expect(res[33m.[39mstatus)[33m.[39mtoHaveBeenCa
lledWith([35m200[39m)[33m;[39m[0m

      at Object.<anonymous> 
(src/__tests__/controllers/userControllerFixed.test.js:221:30)

  ΓùÅ User Controller - Complete Test Suite ΓÇ║ updateUserProfile - Update 
user profile ΓÇ║ should return 500 on error

    TypeError: (0 , _userController.updateUserProfile) is not a function

    [0m [90m 229 |[39m       
[33mUser[39m[33m.[39mfindByPk[33m.[39mmockRejectedValue([36mnew[39m 
[33mError[39m([32m'Error'[39m))[33m;[39m
     [90m 230 |[39m
    [31m[1m>[22m[39m[90m 231 |[39m       [36mawait[39m 
updateUserProfile(req[33m,[39m res)[33m;[39m
     [90m     |[39m                              [31m[1m^[22m[39m
     [90m 232 |[39m
     [90m 233 |[39m       expect(res[33m.[39mstatus)[33m.[39mtoHaveBeenCa
lledWith([35m500[39m)[33m;[39m
     [90m 234 |[39m     })[33m;[39m[0m

      at Object.<anonymous> 
(src/__tests__/controllers/userControllerFixed.test.js:231:30)

  ΓùÅ User Controller - Complete Test Suite ΓÇ║ updateUserRole - Update user 
role ΓÇ║ should return 404 when user not found

    TypeError: (0 , _userController.updateUserRole) is not a function

    [0m [90m 242 |[39m       [33mUser[39m[33m.[39mfindByPk[33m.[39mmoc
kResolvedValue([36mnull[39m)[33m;[39m
     [90m 243 |[39m
    [31m[1m>[22m[39m[90m 244 |[39m       [36mawait[39m 
updateUserRole(req[33m,[39m res)[33m;[39m
     [90m     |[39m                           [31m[1m^[22m[39m
     [90m 245 |[39m
     [90m 246 |[39m       expect(res[33m.[39mstatus)[33m.[39mtoHaveBeenCa
lledWith([35m404[39m)[33m;[39m
     [90m 247 |[39m     })[33m;[39m[0m

      at Object.<anonymous> 
(src/__tests__/controllers/userControllerFixed.test.js:244:27)

  ΓùÅ User Controller - Complete Test Suite ΓÇ║ updateUserRole - Update user 
role ΓÇ║ should update user to admin

    TypeError: (0 , _userController.updateUserRole) is not a function

    [0m [90m 253 |[39m       [33mUser[39m[33m.[39mfindByPk[33m.[39mmoc
kResolvedValue(mockUser)[33m;[39m
     [90m 254 |[39m
    [31m[1m>[22m[39m[90m 255 |[39m       [36mawait[39m 
updateUserRole(req[33m,[39m res)[33m;[39m
     [90m     |[39m                           [31m[1m^[22m[39m
     [90m 256 |[39m
     [90m 257 |[39m       expect(res[33m.[39mstatus)[33m.[39mtoHaveBeenCa
lledWith([35m200[39m)[33m;[39m
     [90m 258 |[39m     })[33m;[39m[0m

      at Object.<anonymous> 
(src/__tests__/controllers/userControllerFixed.test.js:255:27)

  ΓùÅ User Controller - Complete Test Suite ΓÇ║ updateUserRole - Update user 
role ΓÇ║ should update user to staff

    TypeError: (0 , _userController.updateUserRole) is not a function

    [0m [90m 264 |[39m       [33mUser[39m[33m.[39mfindByPk[33m.[39mmoc
kResolvedValue(mockUser)[33m;[39m
     [90m 265 |[39m
    [31m[1m>[22m[39m[90m 266 |[39m       [36mawait[39m 
updateUserRole(req[33m,[39m res)[33m;[39m
     [90m     |[39m                           [31m[1m^[22m[39m
     [90m 267 |[39m
     [90m 268 |[39m       expect(res[33m.[39mstatus)[33m.[39mtoHaveBeenCa
lledWith([35m200[39m)[33m;[39m
     [90m 269 |[39m     })[33m;[39m[0m

      at Object.<anonymous> 
(src/__tests__/controllers/userControllerFixed.test.js:266:27)

  ΓùÅ User Controller - Complete Test Suite ΓÇ║ updateUserRole - Update user 
role ΓÇ║ should return 400 for invalid role

    TypeError: (0 , _userController.updateUserRole) is not a function

    [0m [90m 275 |[39m       [33mUser[39m[33m.[39mfindByPk[33m.[39mmoc
kResolvedValue(mockUser)[33m;[39m
     [90m 276 |[39m
    [31m[1m>[22m[39m[90m 277 |[39m       [36mawait[39m 
updateUserRole(req[33m,[39m res)[33m;[39m
     [90m     |[39m                           [31m[1m^[22m[39m
     [90m 278 |[39m
     [90m 279 |[39m       expect(res[33m.[39mstatus)[33m.[39mtoHaveBeenCa
lledWith([35m400[39m)[33m;[39m
     [90m 280 |[39m     })[33m;[39m[0m

      at Object.<anonymous> 
(src/__tests__/controllers/userControllerFixed.test.js:277:27)

  ΓùÅ User Controller - Complete Test Suite ΓÇ║ updateUserRole - Update user 
role ΓÇ║ should return 500 on error

    TypeError: (0 , _userController.updateUserRole) is not a function

    [0m [90m 284 |[39m       
[33mUser[39m[33m.[39mfindByPk[33m.[39mmockRejectedValue([36mnew[39m 
[33mError[39m([32m'Error'[39m))[33m;[39m
     [90m 285 |[39m
    [31m[1m>[22m[39m[90m 286 |[39m       [36mawait[39m 
updateUserRole(req[33m,[39m res)[33m;[39m
     [90m     |[39m                           [31m[1m^[22m[39m
     [90m 287 |[39m
     [90m 288 |[39m       expect(res[33m.[39mstatus)[33m.[39mtoHaveBeenCa
lledWith([35m500[39m)[33m;[39m
     [90m 289 |[39m     })[33m;[39m[0m

      at Object.<anonymous> 
(src/__tests__/controllers/userControllerFixed.test.js:286:27)

  ΓùÅ User Controller - Complete Test Suite ΓÇ║ deactivateUser - Deactivate 
user ΓÇ║ should return 404 when user not found

    TypeError: (0 , _userController.deactivateUser) is not a function

    [0m [90m 296 |[39m       [33mUser[39m[33m.[39mfindByPk[33m.[39mmoc
kResolvedValue([36mnull[39m)[33m;[39m
     [90m 297 |[39m
    [31m[1m>[22m[39m[90m 298 |[39m       [36mawait[39m 
deactivateUser(req[33m,[39m res)[33m;[39m
     [90m     |[39m                           [31m[1m^[22m[39m
     [90m 299 |[39m
     [90m 300 |[39m       expect(res[33m.[39mstatus)[33m.[39mtoHaveBeenCa
lledWith([35m404[39m)[33m;[39m
     [90m 301 |[39m     })[33m;[39m[0m

      at Object.<anonymous> 
(src/__tests__/controllers/userControllerFixed.test.js:298:27)

  ΓùÅ User Controller - Complete Test Suite ΓÇ║ deactivateUser - Deactivate 
user ΓÇ║ should deactivate user successfully

    TypeError: (0 , _userController.deactivateUser) is not a function

    [0m [90m 306 |[39m       [33mUser[39m[33m.[39mfindByPk[33m.[39mmoc
kResolvedValue(mockUser)[33m;[39m
     [90m 307 |[39m
    [31m[1m>[22m[39m[90m 308 |[39m       [36mawait[39m 
deactivateUser(req[33m,[39m res)[33m;[39m
     [90m     |[39m                           [31m[1m^[22m[39m
     [90m 309 |[39m
     [90m 310 |[39m       expect(res[33m.[39mstatus)[33m.[39mtoHaveBeenCa
lledWith([35m200[39m)[33m;[39m
     [90m 311 |[39m     })[33m;[39m[0m

      at Object.<anonymous> 
(src/__tests__/controllers/userControllerFixed.test.js:308:27)

  ΓùÅ User Controller - Complete Test Suite ΓÇ║ deactivateUser - Deactivate 
user ΓÇ║ should return 400 if already inactive

    TypeError: (0 , _userController.deactivateUser) is not a function

    [0m [90m 316 |[39m       [33mUser[39m[33m.[39mfindByPk[33m.[39mmoc
kResolvedValue(mockUser)[33m;[39m
     [90m 317 |[39m
    [31m[1m>[22m[39m[90m 318 |[39m       [36mawait[39m 
deactivateUser(req[33m,[39m res)[33m;[39m
     [90m     |[39m                           [31m[1m^[22m[39m
     [90m 319 |[39m
     [90m 320 |[39m       expect(res[33m.[39mstatus)[33m.[39mtoHaveBeenCa
lledWith([35m400[39m)[33m;[39m
     [90m 321 |[39m     })[33m;[39m[0m

      at Object.<anonymous> 
(src/__tests__/controllers/userControllerFixed.test.js:318:27)

  ΓùÅ User Controller - Complete Test Suite ΓÇ║ deactivateUser - Deactivate 
user ΓÇ║ should return 500 on error

    TypeError: (0 , _userController.deactivateUser) is not a function

    [0m [90m 325 |[39m       
[33mUser[39m[33m.[39mfindByPk[33m.[39mmockRejectedValue([36mnew[39m 
[33mError[39m([32m'Error'[39m))[33m;[39m
     [90m 326 |[39m
    [31m[1m>[22m[39m[90m 327 |[39m       [36mawait[39m 
deactivateUser(req[33m,[39m res)[33m;[39m
     [90m     |[39m                           [31m[1m^[22m[39m
     [90m 328 |[39m
     [90m 329 |[39m       expect(res[33m.[39mstatus)[33m.[39mtoHaveBeenCa
lledWith([35m500[39m)[33m;[39m
     [90m 330 |[39m     })[33m;[39m[0m

      at Object.<anonymous> 
(src/__tests__/controllers/userControllerFixed.test.js:327:27)

  ΓùÅ User Controller - Complete Test Suite ΓÇ║ reactivateUser - Reactivate 
user ΓÇ║ should return 404 when user not found

    TypeError: (0 , _userController.reactivateUser) is not a function

    [0m [90m 337 |[39m       [33mUser[39m[33m.[39mfindByPk[33m.[39mmoc
kResolvedValue([36mnull[39m)[33m;[39m
     [90m 338 |[39m
    [31m[1m>[22m[39m[90m 339 |[39m       [36mawait[39m 
reactivateUser(req[33m,[39m res)[33m;[39m
     [90m     |[39m                           [31m[1m^[22m[39m
     [90m 340 |[39m
     [90m 341 |[39m       expect(res[33m.[39mstatus)[33m.[39mtoHaveBeenCa
lledWith([35m404[39m)[33m;[39m
     [90m 342 |[39m     })[33m;[39m[0m

      at Object.<anonymous> 
(src/__tests__/controllers/userControllerFixed.test.js:339:27)

  ΓùÅ User Controller - Complete Test Suite ΓÇ║ reactivateUser - Reactivate 
user ΓÇ║ should reactivate user successfully

    TypeError: (0 , _userController.reactivateUser) is not a function

    [0m [90m 347 |[39m       [33mUser[39m[33m.[39mfindByPk[33m.[39mmoc
kResolvedValue(mockUser)[33m;[39m
     [90m 348 |[39m
    [31m[1m>[22m[39m[90m 349 |[39m       [36mawait[39m 
reactivateUser(req[33m,[39m res)[33m;[39m
     [90m     |[39m                           [31m[1m^[22m[39m
     [90m 350 |[39m
     [90m 351 |[39m       expect(res[33m.[39mstatus)[33m.[39mtoHaveBeenCa
lledWith([35m200[39m)[33m;[39m
     [90m 352 |[39m     })[33m;[39m[0m

      at Object.<anonymous> 
(src/__tests__/controllers/userControllerFixed.test.js:349:27)

  ΓùÅ User Controller - Complete Test Suite ΓÇ║ reactivateUser - Reactivate 
user ΓÇ║ should return 400 if already active

    TypeError: (0 , _userController.reactivateUser) is not a function

    [0m [90m 357 |[39m       [33mUser[39m[33m.[39mfindByPk[33m.[39mmoc
kResolvedValue(mockUser)[33m;[39m
     [90m 358 |[39m
    [31m[1m>[22m[39m[90m 359 |[39m       [36mawait[39m 
reactivateUser(req[33m,[39m res)[33m;[39m
     [90m     |[39m                           [31m[1m^[22m[39m
     [90m 360 |[39m
     [90m 361 |[39m       expect(res[33m.[39mstatus)[33m.[39mtoHaveBeenCa
lledWith([35m400[39m)[33m;[39m
     [90m 362 |[39m     })[33m;[39m[0m

      at Object.<anonymous> 
(src/__tests__/controllers/userControllerFixed.test.js:359:27)

  ΓùÅ User Controller - Complete Test Suite ΓÇ║ reactivateUser - Reactivate 
user ΓÇ║ should return 500 on error

    TypeError: (0 , _userController.reactivateUser) is not a function

    [0m [90m 366 |[39m       
[33mUser[39m[33m.[39mfindByPk[33m.[39mmockRejectedValue([36mnew[39m 
[33mError[39m([32m'Error'[39m))[33m;[39m
     [90m 367 |[39m
    [31m[1m>[22m[39m[90m 368 |[39m       [36mawait[39m 
reactivateUser(req[33m,[39m res)[33m;[39m
     [90m     |[39m                           [31m[1m^[22m[39m
     [90m 369 |[39m
     [90m 370 |[39m       expect(res[33m.[39mstatus)[33m.[39mtoHaveBeenCa
lledWith([35m500[39m)[33m;[39m
     [90m 371 |[39m     })[33m;[39m[0m

      at Object.<anonymous> 
(src/__tests__/controllers/userControllerFixed.test.js:368:27)

FAIL src/__tests__/controllers/ticketController.test.js
  ΓùÅ Test suite failed to run

    TypeError: _db.default.define is not a function

    [0m [90m  5 |[39m [36mimport[39m sequelize [36mfrom[39m 
[32m"../libs/db.js"[39m[33m;[39m
     [90m  6 |[39m
    [31m[1m>[22m[39m[90m  7 |[39m [36mconst[39m [33mTicket[39m 
[33m=[39m sequelize[33m.[39mdefine(
     [90m    |[39m                          [31m[1m^[22m[39m
     [90m  8 |[39m   [32m"Ticket"[39m[33m,[39m
     [90m  9 |[39m   {
     [90m 10 |[39m     id[33m:[39m {[0m

      at Object.define (src/models/Ticket.js:7:26)
      at Object.require (src/controllers/ticketController.js:4:1)
      at Object.require 
(src/__tests__/controllers/ticketController.test.js:21:1)

FAIL src/__tests__/controllers/paymentController.test.js
  ΓùÅ Test suite failed to run

    TypeError: _db.default.define is not a function

    [0m [90m  5 |[39m [36mimport[39m sequelize [36mfrom[39m 
[32m"../libs/db.js"[39m[33m;[39m
     [90m  6 |[39m
    [31m[1m>[22m[39m[90m  7 |[39m [36mconst[39m [33mPayment[39m 
[33m=[39m sequelize[33m.[39mdefine(
     [90m    |[39m                           [31m[1m^[22m[39m
     [90m  8 |[39m   [32m"Payment"[39m[33m,[39m
     [90m  9 |[39m   {
     [90m 10 |[39m     id[33m:[39m {[0m

      at Object.define (src/models/Payment.js:7:27)
      at Object.require (src/controllers/paymentController.js:3:1)
      at Object.require 
(src/__tests__/controllers/paymentController.test.js:21:1)

FAIL src/__tests__/controllers/tripController.test.js
  ΓùÅ Test suite failed to run

    TypeError: RouteFare.belongsTo is not a function

    [0m [90m 35 |[39m
     [90m 36 |[39m [90m// Quan hß╗ç[39m
    [31m[1m>[22m[39m[90m 37 |[39m 
[33mRouteFare[39m[33m.[39mbelongsTo([33mRoute[39m[33m,[39m   { 
foreignKey[33m:[39m [32m"route_id"[39m[33m,[39m    
[36mas[39m[33m:[39m [32m"route"[39m[33m,[39m   onDelete[33m:[39m 
[32m"RESTRICT"[39m })[33m;[39m
     [90m    |[39m           [31m[1m^[22m[39m
     [90m 38 |[39m 
[33mRouteFare[39m[33m.[39mbelongsTo([33mBusType[39m[33m,[39m { 
foreignKey[33m:[39m [32m"bus_type_id"[39m[33m,[39m 
[36mas[39m[33m:[39m [32m"busType"[39m[33m,[39m onDelete[33m:[39m 
[32m"RESTRICT"[39m })[33m;[39m
     [90m 39 |[39m 
[33mRoute[39m[33m.[39mhasMany([33mRouteFare[39m[33m,[39m     { 
foreignKey[33m:[39m [32m"route_id"[39m[33m,[39m    
[36mas[39m[33m:[39m [32m"fares"[39m })[33m;[39m
     [90m 40 |[39m 
[33mBusType[39m[33m.[39mhasMany([33mRouteFare[39m[33m,[39m   { 
foreignKey[33m:[39m [32m"bus_type_id"[39m[33m,[39m 
[36mas[39m[33m:[39m [32m"fares"[39m })[33m;[39m[0m

      at Object.belongsTo (src/models/RouteFare.js:37:11)
      at Object.require (src/controllers/tripController.js:6:1)
      at Object.require (src/__tests__/controllers/tripController.test.js:61:1)

FAIL src/__tests__/controllers/bookingController.test.js
  ΓùÅ Test suite failed to run

    TypeError: _db.default.define is not a function

    [0m [90m 3 |[39m [36mimport[39m sequelize [36mfrom[39m 
[32m"../libs/db.js"[39m[33m;[39m
     [90m 4 |[39m
    [31m[1m>[22m[39m[90m 5 |[39m [36mconst[39m [33mBooking[39m 
[33m=[39m sequelize[33m.[39mdefine(
     [90m   |[39m                           [31m[1m^[22m[39m
     [90m 6 |[39m   [32m"Booking"[39m[33m,[39m
     [90m 7 |[39m   {
     [90m 8 |[39m     id[33m:[39m {[0m

      at Object.define (src/models/Booking.js:5:27)
      at Object.require (src/controllers/bookingController.js:4:1)
      at Object.require 
(src/__tests__/controllers/bookingController.test.js:33:1)

FAIL src/__tests__/controllers/userController.test.js (6.563 s)
  ΓùÅ Console

    console.log
      [dotenv@17.3.1] injecting env (6) from .env -- tip: ≡ƒöÉ encrypt with 
Dotenvx: https://dotenvx.com

      at _log (node_modules/dotenv/lib/main.js:139:11)

  ΓùÅ User Controller - Complete Test Suite ΓÇ║ getAllUsers - Get all users 
(Admin) ΓÇ║ should retrieve all users successfully

    TypeError: Cannot read properties of undefined (reading 'findAll')

    [0m [90m 76 |[39m       ][33m;[39m
     [90m 77 |[39m
    [31m[1m>[22m[39m[90m 78 |[39m       [33mUser[39m[33m.[39mfindAll
[33m.[39mmockResolvedValue(mockUsers)[33m;[39m
     [90m    |[39m            [31m[1m^[22m[39m
     [90m 79 |[39m
     [90m 80 |[39m       [36mawait[39m getAllUsers(req[33m,[39m 
res)[33m;[39m
     [90m 81 |[39m[0m

      at Object.findAll 
(src/__tests__/controllers/userController.test.js:78:12)

  ΓùÅ User Controller - Complete Test Suite ΓÇ║ getAllUsers - Get all users 
(Admin) ΓÇ║ should return empty array when no users exist

    TypeError: Cannot read properties of undefined (reading 'findAll')

    [0m [90m 91 |[39m
     [90m 92 |[39m     test([32m'should return empty array when no users 
exist'[39m[33m,[39m [36masync[39m () [33m=>[39m {
    [31m[1m>[22m[39m[90m 93 |[39m       
[33mUser[39m[33m.[39mfindAll[33m.[39mmockResolvedValue([])[33m;[39m
     [90m    |[39m            [31m[1m^[22m[39m
     [90m 94 |[39m
     [90m 95 |[39m       [36mawait[39m getAllUsers(req[33m,[39m 
res)[33m;[39m
     [90m 96 |[39m[0m

      at Object.findAll 
(src/__tests__/controllers/userController.test.js:93:12)

  ΓùÅ User Controller - Complete Test Suite ΓÇ║ getAllUsers - Get all users 
(Admin) ΓÇ║ should filter users by role

    TypeError: Cannot read properties of undefined (reading 'findAll')

    [0m [90m 104 |[39m       ][33m;[39m
     [90m 105 |[39m
    [31m[1m>[22m[39m[90m 106 |[39m       [33mUser[39m[33m.[39mfindAll
[33m.[39mmockResolvedValue(mockUsers)[33m;[39m
     [90m     |[39m            [31m[1m^[22m[39m
     [90m 107 |[39m
     [90m 108 |[39m       [36mawait[39m getAllUsers(req[33m,[39m 
res)[33m;[39m
     [90m 109 |[39m[0m

      at Object.findAll 
(src/__tests__/controllers/userController.test.js:106:12)

  ΓùÅ User Controller - Complete Test Suite ΓÇ║ getAllUsers - Get all users 
(Admin) ΓÇ║ should filter users by status

    TypeError: Cannot read properties of undefined (reading 'findAll')

    [0m [90m 117 |[39m       ][33m;[39m
     [90m 118 |[39m
    [31m[1m>[22m[39m[90m 119 |[39m       [33mUser[39m[33m.[39mfindAll
[33m.[39mmockResolvedValue(mockUsers)[33m;[39m
     [90m     |[39m            [31m[1m^[22m[39m
     [90m 120 |[39m
     [90m 121 |[39m       [36mawait[39m getAllUsers(req[33m,[39m 
res)[33m;[39m
     [90m 122 |[39m[0m

      at Object.findAll 
(src/__tests__/controllers/userController.test.js:119:12)

  ΓùÅ User Controller - Complete Test Suite ΓÇ║ getAllUsers - Get all users 
(Admin) ΓÇ║ should return 500 on database error

    TypeError: Cannot read properties of undefined (reading 'findAll')

    [0m [90m 125 |[39m
     [90m 126 |[39m     test([32m'should return 500 on database 
error'[39m[33m,[39m [36masync[39m () [33m=>[39m {
    [31m[1m>[22m[39m[90m 127 |[39m       
[33mUser[39m[33m.[39mfindAll[33m.[39mmockRejectedValue([36mnew[39m 
[33mError[39m([32m'DB Error'[39m))[33m;[39m
     [90m     |[39m            [31m[1m^[22m[39m
     [90m 128 |[39m
     [90m 129 |[39m       [36mawait[39m getAllUsers(req[33m,[39m 
res)[33m;[39m
     [90m 130 |[39m[0m

      at Object.findAll 
(src/__tests__/controllers/userController.test.js:127:12)

  ΓùÅ User Controller - Complete Test Suite ΓÇ║ getUserById - Get user details 
by ID ΓÇ║ should retrieve user by id successfully

    TypeError: Cannot read properties of undefined (reading 'findByPk')

    [0m [90m 152 |[39m       }[33m;[39m
     [90m 153 |[39m
    [31m[1m>[22m[39m[90m 154 |[39m       [33mUser[39m[33m.[39mfindByP
k[33m.[39mmockResolvedValue(mockUser)[33m;[39m
     [90m     |[39m            [31m[1m^[22m[39m
     [90m 155 |[39m
     [90m 156 |[39m       [36mawait[39m getUserById(req[33m,[39m 
res)[33m;[39m
     [90m 157 |[39m[0m

      at Object.findByPk 
(src/__tests__/controllers/userController.test.js:154:12)

  ΓùÅ User Controller - Complete Test Suite ΓÇ║ getUserById - Get user details 
by ID ΓÇ║ should return 404 when user not found

    TypeError: Cannot read properties of undefined (reading 'findByPk')

    [0m [90m 163 |[39m     test([32m'should return 404 when user not 
found'[39m[33m,[39m [36masync[39m () [33m=>[39m {
     [90m 164 |[39m       req[33m.[39mparams [33m=[39m { id[33m:[39m 
[35m999[39m }[33m;[39m
    [31m[1m>[22m[39m[90m 165 |[39m       [33mUser[39m[33m.[39mfindByP
k[33m.[39mmockResolvedValue([36mnull[39m)[33m;[39m
     [90m     |[39m            [31m[1m^[22m[39m
     [90m 166 |[39m
     [90m 167 |[39m       [36mawait[39m getUserById(req[33m,[39m 
res)[33m;[39m
     [90m 168 |[39m[0m

      at Object.findByPk 
(src/__tests__/controllers/userController.test.js:165:12)

  ΓùÅ User Controller - Complete Test Suite ΓÇ║ getUserById - Get user details 
by ID ΓÇ║ should include user bookings in response

    TypeError: Cannot read properties of undefined (reading 'findByPk')

    [0m [90m 184 |[39m       }[33m;[39m
     [90m 185 |[39m
    [31m[1m>[22m[39m[90m 186 |[39m       [33mUser[39m[33m.[39mfindByP
k[33m.[39mmockResolvedValue(mockUser)[33m;[39m
     [90m     |[39m            [31m[1m^[22m[39m
     [90m 187 |[39m
     [90m 188 |[39m       [36mawait[39m getUserById(req[33m,[39m 
res)[33m;[39m
     [90m 189 |[39m[0m

      at Object.findByPk 
(src/__tests__/controllers/userController.test.js:186:12)

  ΓùÅ User Controller - Complete Test Suite ΓÇ║ getUserById - Get user details 
by ID ΓÇ║ should return 500 on database error

    TypeError: Cannot read properties of undefined (reading 'findByPk')

    [0m [90m 193 |[39m     test([32m'should return 500 on database 
error'[39m[33m,[39m [36masync[39m () [33m=>[39m {
     [90m 194 |[39m       req[33m.[39mparams [33m=[39m { id[33m:[39m 
[35m1[39m }[33m;[39m
    [31m[1m>[22m[39m[90m 195 |[39m       
[33mUser[39m[33m.[39mfindByPk[33m.[39mmockRejectedValue([36mnew[39m 
[33mError[39m([32m'DB Error'[39m))[33m;[39m
     [90m     |[39m            [31m[1m^[22m[39m
     [90m 196 |[39m
     [90m 197 |[39m       [36mawait[39m getUserById(req[33m,[39m 
res)[33m;[39m
     [90m 198 |[39m[0m

      at Object.findByPk 
(src/__tests__/controllers/userController.test.js:195:12)

  ΓùÅ User Controller - Complete Test Suite ΓÇ║ getUserProfile - Get current 
user profile ΓÇ║ should retrieve current user profile

    TypeError: Cannot read properties of undefined (reading 'findByPk')

    [0m [90m 216 |[39m       }[33m;[39m
     [90m 217 |[39m
    [31m[1m>[22m[39m[90m 218 |[39m       [33mUser[39m[33m.[39mfindByP
k[33m.[39mmockResolvedValue(mockUser)[33m;[39m
     [90m     |[39m            [31m[1m^[22m[39m
     [90m 219 |[39m
     [90m 220 |[39m       [36mawait[39m getUserProfile(req[33m,[39m 
res)[33m;[39m
     [90m 221 |[39m[0m

      at Object.findByPk 
(src/__tests__/controllers/userController.test.js:218:12)

  ΓùÅ User Controller - Complete Test Suite ΓÇ║ getUserProfile - Get current 
user profile ΓÇ║ should return 404 if user not found

    TypeError: Cannot read properties of undefined (reading 'findByPk')

    [0m [90m 227 |[39m     test([32m'should return 404 if user not 
found'[39m[33m,[39m [36masync[39m () [33m=>[39m {
     [90m 228 |[39m       req[33m.[39muser [33m=[39m { id[33m:[39m 
[35m999[39m }[33m;[39m
    [31m[1m>[22m[39m[90m 229 |[39m       [33mUser[39m[33m.[39mfindByP
k[33m.[39mmockResolvedValue([36mnull[39m)[33m;[39m
     [90m     |[39m            [31m[1m^[22m[39m
     [90m 230 |[39m
     [90m 231 |[39m       [36mawait[39m getUserProfile(req[33m,[39m 
res)[33m;[39m
     [90m 232 |[39m[0m

      at Object.findByPk 
(src/__tests__/controllers/userController.test.js:229:12)

  ΓùÅ User Controller - Complete Test Suite ΓÇ║ getUserProfile - Get current 
user profile ΓÇ║ should not expose password field

    TypeError: Cannot read properties of undefined (reading 'findByPk')

    [0m [90m 243 |[39m       }[33m;[39m
     [90m 244 |[39m
    [31m[1m>[22m[39m[90m 245 |[39m       [33mUser[39m[33m.[39mfindByP
k[33m.[39mmockResolvedValue(mockUser)[33m;[39m
     [90m     |[39m            [31m[1m^[22m[39m
     [90m 246 |[39m
     [90m 247 |[39m       [36mawait[39m getUserProfile(req[33m,[39m 
res)[33m;[39m
     [90m 248 |[39m[0m

      at Object.findByPk 
(src/__tests__/controllers/userController.test.js:245:12)

  ΓùÅ User Controller - Complete Test Suite ΓÇ║ getUserProfile - Get current 
user profile ΓÇ║ should return 500 on database error

    TypeError: Cannot read properties of undefined (reading 'findByPk')

    [0m [90m 252 |[39m     test([32m'should return 500 on database 
error'[39m[33m,[39m [36masync[39m () [33m=>[39m {
     [90m 253 |[39m       req[33m.[39muser [33m=[39m { id[33m:[39m 
[35m1[39m }[33m;[39m
    [31m[1m>[22m[39m[90m 254 |[39m       
[33mUser[39m[33m.[39mfindByPk[33m.[39mmockRejectedValue([36mnew[39m 
[33mError[39m([32m'DB Error'[39m))[33m;[39m
     [90m     |[39m            [31m[1m^[22m[39m
     [90m 255 |[39m
     [90m 256 |[39m       [36mawait[39m getUserProfile(req[33m,[39m 
res)[33m;[39m
     [90m 257 |[39m[0m

      at Object.findByPk 
(src/__tests__/controllers/userController.test.js:254:12)

  ΓùÅ User Controller - Complete Test Suite ΓÇ║ updateUserProfile - Update 
user profile ΓÇ║ should return 404 if user not found

    TypeError: Cannot read properties of undefined (reading 'findByPk')

    [0m [90m 267 |[39m       req[33m.[39mparams [33m=[39m { 
id[33m:[39m [35m999[39m }[33m;[39m
     [90m 268 |[39m       req[33m.[39mbody [33m=[39m { 
fullName[33m:[39m [32m'New Name'[39m }[33m;[39m
    [31m[1m>[22m[39m[90m 269 |[39m       [33mUser[39m[33m.[39mfindByP
k[33m.[39mmockResolvedValue([36mnull[39m)[33m;[39m
     [90m     |[39m            [31m[1m^[22m[39m
     [90m 270 |[39m
     [90m 271 |[39m       [36mawait[39m updateUserProfile(req[33m,[39m 
res)[33m;[39m
     [90m 272 |[39m[0m

      at Object.findByPk 
(src/__tests__/controllers/userController.test.js:269:12)

  ΓùÅ User Controller - Complete Test Suite ΓÇ║ updateUserProfile - Update 
user profile ΓÇ║ should update user fullName

    TypeError: Cannot read properties of undefined (reading 'findByPk')

    [0m [90m 283 |[39m       }[33m;[39m
     [90m 284 |[39m
    [31m[1m>[22m[39m[90m 285 |[39m       [33mUser[39m[33m.[39mfindByP
k[33m.[39mmockResolvedValue(mockUser)[33m;[39m
     [90m     |[39m            [31m[1m^[22m[39m
     [90m 286 |[39m       
[33mUser[39m[33m.[39mfindByPk[33m.[39mmockResolvedValue({
     [90m 287 |[39m         id[33m:[39m [35m1[39m[33m,[39m
     [90m 288 |[39m         fullName[33m:[39m [32m'Nguyen Van A 
Updated'[39m[0m

      at Object.findByPk 
(src/__tests__/controllers/userController.test.js:285:12)

  ΓùÅ User Controller - Complete Test Suite ΓÇ║ updateUserProfile - Update 
user profile ΓÇ║ should update user phone

    TypeError: Cannot read properties of undefined (reading 'findByPk')

    [0m [90m 303 |[39m       }[33m;[39m
     [90m 304 |[39m
    [31m[1m>[22m[39m[90m 305 |[39m       [33mUser[39m[33m.[39mfindByP
k[33m.[39mmockResolvedValue(mockUser)[33m;[39m
     [90m     |[39m            [31m[1m^[22m[39m
     [90m 306 |[39m
     [90m 307 |[39m       [36mawait[39m updateUserProfile(req[33m,[39m 
res)[33m;[39m
     [90m 308 |[39m[0m

      at Object.findByPk 
(src/__tests__/controllers/userController.test.js:305:12)

  ΓùÅ User Controller - Complete Test Suite ΓÇ║ updateUserProfile - Update 
user profile ΓÇ║ should hash password if provided

    TypeError: Cannot read properties of undefined (reading 'findByPk')

    [0m [90m 318 |[39m       }[33m;[39m
     [90m 319 |[39m
    [31m[1m>[22m[39m[90m 320 |[39m       [33mUser[39m[33m.[39mfindByP
k[33m.[39mmockResolvedValue(mockUser)[33m;[39m
     [90m     |[39m            [31m[1m^[22m[39m
     [90m 321 |[39m       bcrypt[33m.[39mhash[33m.[39mmockResolvedValue(
[32m'hashedPassword'[39m)[33m;[39m
     [90m 322 |[39m
     [90m 323 |[39m       [36mawait[39m updateUserProfile(req[33m,[39m 
res)[33m;[39m[0m

      at Object.findByPk 
(src/__tests__/controllers/userController.test.js:320:12)

  ΓùÅ User Controller - Complete Test Suite ΓÇ║ updateUserProfile - Update 
user profile ΓÇ║ should return 500 on database error

    TypeError: Cannot read properties of undefined (reading 'findByPk')

    [0m [90m 330 |[39m       req[33m.[39mparams [33m=[39m { 
id[33m:[39m [35m1[39m }[33m;[39m
     [90m 331 |[39m       req[33m.[39mbody [33m=[39m { 
fullName[33m:[39m [32m'New Name'[39m }[33m;[39m
    [31m[1m>[22m[39m[90m 332 |[39m       
[33mUser[39m[33m.[39mfindByPk[33m.[39mmockRejectedValue([36mnew[39m 
[33mError[39m([32m'DB Error'[39m))[33m;[39m
     [90m     |[39m            [31m[1m^[22m[39m
     [90m 333 |[39m
     [90m 334 |[39m       [36mawait[39m updateUserProfile(req[33m,[39m 
res)[33m;[39m
     [90m 335 |[39m[0m

      at Object.findByPk 
(src/__tests__/controllers/userController.test.js:332:12)

  ΓùÅ User Controller - Complete Test Suite ΓÇ║ updateUserRole - Update user 
role (Admin) ΓÇ║ should return 404 when user not found

    TypeError: Cannot read properties of undefined (reading 'findByPk')

    [0m [90m 345 |[39m       req[33m.[39mparams [33m=[39m { 
id[33m:[39m [35m999[39m }[33m;[39m
     [90m 346 |[39m       req[33m.[39mbody [33m=[39m { role[33m:[39m 
[32m'admin'[39m }[33m;[39m
    [31m[1m>[22m[39m[90m 347 |[39m       [33mUser[39m[33m.[39mfindByP
k[33m.[39mmockResolvedValue([36mnull[39m)[33m;[39m
     [90m     |[39m            [31m[1m^[22m[39m
     [90m 348 |[39m
     [90m 349 |[39m       [36mawait[39m updateUserRole(req[33m,[39m 
res)[33m;[39m
     [90m 350 |[39m[0m

      at Object.findByPk 
(src/__tests__/controllers/userController.test.js:347:12)

  ΓùÅ User Controller - Complete Test Suite ΓÇ║ updateUserRole - Update user 
role (Admin) ΓÇ║ should update user role to admin

    TypeError: Cannot read properties of undefined (reading 'findByPk')

    [0m [90m 361 |[39m       }[33m;[39m
     [90m 362 |[39m
    [31m[1m>[22m[39m[90m 363 |[39m       [33mUser[39m[33m.[39mfindByP
k[33m.[39mmockResolvedValue(mockUser)[33m;[39m
     [90m     |[39m            [31m[1m^[22m[39m
     [90m 364 |[39m       
[33mUser[39m[33m.[39mfindByPk[33m.[39mmockResolvedValue({
     [90m 365 |[39m         id[33m:[39m [35m1[39m[33m,[39m
     [90m 366 |[39m         role[33m:[39m [32m'admin'[39m[0m

      at Object.findByPk 
(src/__tests__/controllers/userController.test.js:363:12)

  ΓùÅ User Controller - Complete Test Suite ΓÇ║ updateUserRole - Update user 
role (Admin) ΓÇ║ should update user role to staff

    TypeError: Cannot read properties of undefined (reading 'findByPk')

    [0m [90m 381 |[39m       }[33m;[39m
     [90m 382 |[39m
    [31m[1m>[22m[39m[90m 383 |[39m       [33mUser[39m[33m.[39mfindByP
k[33m.[39mmockResolvedValue(mockUser)[33m;[39m
     [90m     |[39m            [31m[1m^[22m[39m
     [90m 384 |[39m
     [90m 385 |[39m       [36mawait[39m updateUserRole(req[33m,[39m 
res)[33m;[39m
     [90m 386 |[39m[0m

      at Object.findByPk 
(src/__tests__/controllers/userController.test.js:383:12)

  ΓùÅ User Controller - Complete Test Suite ΓÇ║ updateUserRole - Update user 
role (Admin) ΓÇ║ should return 400 for invalid role

    TypeError: Cannot read properties of undefined (reading 'findByPk')

    [0m [90m 393 |[39m       [36mconst[39m mockUser [33m=[39m { 
id[33m:[39m [35m1[39m[33m,[39m role[33m:[39m [32m'customer'[39m 
}[33m;[39m
     [90m 394 |[39m
    [31m[1m>[22m[39m[90m 395 |[39m       [33mUser[39m[33m.[39mfindByP
k[33m.[39mmockResolvedValue(mockUser)[33m;[39m
     [90m     |[39m            [31m[1m^[22m[39m
     [90m 396 |[39m
     [90m 397 |[39m       [36mawait[39m updateUserRole(req[33m,[39m 
res)[33m;[39m
     [90m 398 |[39m[0m

      at Object.findByPk 
(src/__tests__/controllers/userController.test.js:395:12)

  ΓùÅ User Controller - Complete Test Suite ΓÇ║ updateUserRole - Update user 
role (Admin) ΓÇ║ should return 500 on database error

    TypeError: Cannot read properties of undefined (reading 'findByPk')

    [0m [90m 403 |[39m       req[33m.[39mparams [33m=[39m { 
id[33m:[39m [35m1[39m }[33m;[39m
     [90m 404 |[39m       req[33m.[39mbody [33m=[39m { role[33m:[39m 
[32m'admin'[39m }[33m;[39m
    [31m[1m>[22m[39m[90m 405 |[39m       
[33mUser[39m[33m.[39mfindByPk[33m.[39mmockRejectedValue([36mnew[39m 
[33mError[39m([32m'DB Error'[39m))[33m;[39m
     [90m     |[39m            [31m[1m^[22m[39m
     [90m 406 |[39m
     [90m 407 |[39m       [36mawait[39m updateUserRole(req[33m,[39m 
res)[33m;[39m
     [90m 408 |[39m[0m

      at Object.findByPk 
(src/__tests__/controllers/userController.test.js:405:12)

  ΓùÅ User Controller - Complete Test Suite ΓÇ║ deactivateUser - Deactivate 
user account (Admin) ΓÇ║ should return 404 when user not found

    TypeError: Cannot read properties of undefined (reading 'findByPk')

    [0m [90m 417 |[39m     test([32m'should return 404 when user not 
found'[39m[33m,[39m [36masync[39m () [33m=>[39m {
     [90m 418 |[39m       req[33m.[39mparams [33m=[39m { id[33m:[39m 
[35m999[39m }[33m;[39m
    [31m[1m>[22m[39m[90m 419 |[39m       [33mUser[39m[33m.[39mfindByP
k[33m.[39mmockResolvedValue([36mnull[39m)[33m;[39m
     [90m     |[39m            [31m[1m^[22m[39m
     [90m 420 |[39m
     [90m 421 |[39m       [36mawait[39m deactivateUser(req[33m,[39m 
res)[33m;[39m
     [90m 422 |[39m[0m

      at Object.findByPk 
(src/__tests__/controllers/userController.test.js:419:12)

  ΓùÅ User Controller - Complete Test Suite ΓÇ║ deactivateUser - Deactivate 
user account (Admin) ΓÇ║ should deactivate user successfully

    TypeError: Cannot read properties of undefined (reading 'findByPk')

    [0m [90m 432 |[39m       }[33m;[39m
     [90m 433 |[39m
    [31m[1m>[22m[39m[90m 434 |[39m       [33mUser[39m[33m.[39mfindByP
k[33m.[39mmockResolvedValue(mockUser)[33m;[39m
     [90m     |[39m            [31m[1m^[22m[39m
     [90m 435 |[39m       
[33mUser[39m[33m.[39mfindByPk[33m.[39mmockResolvedValue({
     [90m 436 |[39m         id[33m:[39m [35m1[39m[33m,[39m
     [90m 437 |[39m         status[33m:[39m [32m'inactive'[39m[0m

      at Object.findByPk 
(src/__tests__/controllers/userController.test.js:434:12)

  ΓùÅ User Controller - Complete Test Suite ΓÇ║ deactivateUser - Deactivate 
user account (Admin) ΓÇ║ should return 400 if user already inactive

    TypeError: Cannot read properties of undefined (reading 'findByPk')

    [0m [90m 452 |[39m       [36mconst[39m mockUser [33m=[39m { 
id[33m:[39m [35m1[39m[33m,[39m status[33m:[39m [32m'inactive'[39m 
}[33m;[39m
     [90m 453 |[39m
    [31m[1m>[22m[39m[90m 454 |[39m       [33mUser[39m[33m.[39mfindByP
k[33m.[39mmockResolvedValue(mockUser)[33m;[39m
     [90m     |[39m            [31m[1m^[22m[39m
     [90m 455 |[39m
     [90m 456 |[39m       [36mawait[39m deactivateUser(req[33m,[39m 
res)[33m;[39m
     [90m 457 |[39m[0m

      at Object.findByPk 
(src/__tests__/controllers/userController.test.js:454:12)

  ΓùÅ User Controller - Complete Test Suite ΓÇ║ deactivateUser - Deactivate 
user account (Admin) ΓÇ║ should return 500 on database error

    TypeError: Cannot read properties of undefined (reading 'findByPk')

    [0m [90m 461 |[39m     test([32m'should return 500 on database 
error'[39m[33m,[39m [36masync[39m () [33m=>[39m {
     [90m 462 |[39m       req[33m.[39mparams [33m=[39m { id[33m:[39m 
[35m1[39m }[33m;[39m
    [31m[1m>[22m[39m[90m 463 |[39m       
[33mUser[39m[33m.[39mfindByPk[33m.[39mmockRejectedValue([36mnew[39m 
[33mError[39m([32m'DB Error'[39m))[33m;[39m
     [90m     |[39m            [31m[1m^[22m[39m
     [90m 464 |[39m
     [90m 465 |[39m       [36mawait[39m deactivateUser(req[33m,[39m 
res)[33m;[39m
     [90m 466 |[39m[0m

      at Object.findByPk 
(src/__tests__/controllers/userController.test.js:463:12)

  ΓùÅ User Controller - Complete Test Suite ΓÇ║ reactivateUser - Reactivate 
user account (Admin) ΓÇ║ should return 404 when user not found

    TypeError: Cannot read properties of undefined (reading 'findByPk')

    [0m [90m 475 |[39m     test([32m'should return 404 when user not 
found'[39m[33m,[39m [36masync[39m () [33m=>[39m {
     [90m 476 |[39m       req[33m.[39mparams [33m=[39m { id[33m:[39m 
[35m999[39m }[33m;[39m
    [31m[1m>[22m[39m[90m 477 |[39m       [33mUser[39m[33m.[39mfindByP
k[33m.[39mmockResolvedValue([36mnull[39m)[33m;[39m
     [90m     |[39m            [31m[1m^[22m[39m
     [90m 478 |[39m
     [90m 479 |[39m       [36mawait[39m reactivateUser(req[33m,[39m 
res)[33m;[39m
     [90m 480 |[39m[0m

      at Object.findByPk 
(src/__tests__/controllers/userController.test.js:477:12)

  ΓùÅ User Controller - Complete Test Suite ΓÇ║ reactivateUser - Reactivate 
user account (Admin) ΓÇ║ should reactivate user successfully

    TypeError: Cannot read properties of undefined (reading 'findByPk')

    [0m [90m 490 |[39m       }[33m;[39m
     [90m 491 |[39m
    [31m[1m>[22m[39m[90m 492 |[39m       [33mUser[39m[33m.[39mfindByP
k[33m.[39mmockResolvedValue(mockUser)[33m;[39m
     [90m     |[39m            [31m[1m^[22m[39m
     [90m 493 |[39m       
[33mUser[39m[33m.[39mfindByPk[33m.[39mmockResolvedValue({
     [90m 494 |[39m         id[33m:[39m [35m1[39m[33m,[39m
     [90m 495 |[39m         status[33m:[39m [32m'active'[39m[0m

      at Object.findByPk 
(src/__tests__/controllers/userController.test.js:492:12)

  ΓùÅ User Controller - Complete Test Suite ΓÇ║ reactivateUser - Reactivate 
user account (Admin) ΓÇ║ should return 400 if user already active

    TypeError: Cannot read properties of undefined (reading 'findByPk')

    [0m [90m 510 |[39m       [36mconst[39m mockUser [33m=[39m { 
id[33m:[39m [35m1[39m[33m,[39m status[33m:[39m [32m'active'[39m 
}[33m;[39m
     [90m 511 |[39m
    [31m[1m>[22m[39m[90m 512 |[39m       [33mUser[39m[33m.[39mfindByP
k[33m.[39mmockResolvedValue(mockUser)[33m;[39m
     [90m     |[39m            [31m[1m^[22m[39m
     [90m 513 |[39m
     [90m 514 |[39m       [36mawait[39m reactivateUser(req[33m,[39m 
res)[33m;[39m
     [90m 515 |[39m[0m

      at Object.findByPk 
(src/__tests__/controllers/userController.test.js:512:12)

  ΓùÅ User Controller - Complete Test Suite ΓÇ║ reactivateUser - Reactivate 
user account (Admin) ΓÇ║ should return 500 on database error

    TypeError: Cannot read properties of undefined (reading 'findByPk')

    [0m [90m 519 |[39m     test([32m'should return 500 on database 
error'[39m[33m,[39m [36masync[39m () [33m=>[39m {
     [90m 520 |[39m       req[33m.[39mparams [33m=[39m { id[33m:[39m 
[35m1[39m }[33m;[39m
    [31m[1m>[22m[39m[90m 521 |[39m       
[33mUser[39m[33m.[39mfindByPk[33m.[39mmockRejectedValue([36mnew[39m 
[33mError[39m([32m'DB Error'[39m))[33m;[39m
     [90m     |[39m            [31m[1m^[22m[39m
     [90m 522 |[39m
     [90m 523 |[39m       [36mawait[39m reactivateUser(req[33m,[39m 
res)[33m;[39m
     [90m 524 |[39m[0m

      at Object.findByPk 
(src/__tests__/controllers/userController.test.js:521:12)

FAIL src/__tests__/controllers/paymentControllerFix.test.js
  ΓùÅ Test suite failed to run

    TypeError: Bus.belongsTo is not a function

    [0m [90m 41 |[39m
     [90m 42 |[39m [90m// Quan hß╗ç: Mß╗ùi xe thuß╗Öc 1 loß║íi xe[39m
    [31m[1m>[22m[39m[90m 43 |[39m 
[33mBus[39m[33m.[39mbelongsTo([33mBusType[39m[33m,[39m { 
foreignKey[33m:[39m [32m"bus_type_id"[39m[33m,[39m 
[36mas[39m[33m:[39m [32m"busType"[39m[33m,[39m onDelete[33m:[39m 
[32m"RESTRICT"[39m })[33m;[39m
     [90m    |[39m     [31m[1m^[22m[39m
     [90m 44 |[39m 
[33mBusType[39m[33m.[39mhasMany([33mBus[39m[33m,[39m   { 
foreignKey[33m:[39m [32m"bus_type_id"[39m[33m,[39m 
[36mas[39m[33m:[39m [32m"buses"[39m[33m,[39m   onDelete[33m:[39m 
[32m"RESTRICT"[39m })[33m;[39m
     [90m 45 |[39m
     [90m 46 |[39m [36mexport[39m [36mdefault[39m 
[33mBus[39m[33m;[39m[0m

      at Object.belongsTo (src/models/Bus.js:43:5)
      at Object.require (src/models/Trip.js:4:1)
      at Object.require (src/models/TripSeat.js:3:1)
      at Object.require (src/controllers/paymentController.js:6:1)
      at Object.require 
(src/__tests__/controllers/paymentControllerFix.test.js:45:1)

PASS src/__tests__/services/emailService.test.js
PASS src/__tests__/routes/authRoute.test.js
PASS src/__tests__/controllers/authController.test.js
  ΓùÅ Console

    console.log
      [dotenv@17.3.1] injecting env (6) from .env -- tip: ΓÜÖ∩╕Å  override 
existing env vars with { override: true }

      at _log (node_modules/dotenv/lib/main.js:139:11)

    console.log
      [dotenv@17.3.1] injecting env (0) from .env -- tip: ΓÜÖ∩╕Å  enable debug 
logging with { debug: true }

      at _log (node_modules/dotenv/lib/main.js:139:11)

    console.error
      Lß╗ùi khi ─æ─âng k├╜: Error: DB Error
          at Object.<anonymous> (D:\doanVEXE\bus-booking-project\backend\src\__
tests__\controllers\authController.test.js:163:41)
          at Promise.finally.completed (D:\doanVEXE\bus-booking-project\backend
\node_modules\jest-circus\build\jestAdapterInit.js:1561:28)
          at new Promise (<anonymous>)
          at callAsyncCircusFn (D:\doanVEXE\bus-booking-project\backend\node_mo
dules\jest-circus\build\jestAdapterInit.js:1501:10)
          at _callCircusTest (D:\doanVEXE\bus-booking-project\backend\node_modu
les\jest-circus\build\jestAdapterInit.js:1011:40)
          at processTicksAndRejections 
(node:internal/process/task_queues:104:5)
          at _runTest (D:\doanVEXE\bus-booking-project\backend\node_modules\jes
t-circus\build\jestAdapterInit.js:951:3)
          at D:\doanVEXE\bus-booking-project\backend\node_modules\jest-circus\b
uild\jestAdapterInit.js:853:7
          at _runTestsForDescribeBlock (D:\doanVEXE\bus-booking-project\backend
\node_modules\jest-circus\build\jestAdapterInit.js:866:11)
          at _runTestsForDescribeBlock (D:\doanVEXE\bus-booking-project\backend
\node_modules\jest-circus\build\jestAdapterInit.js:861:11)
          at _runTestsForDescribeBlock (D:\doanVEXE\bus-booking-project\backend
\node_modules\jest-circus\build\jestAdapterInit.js:861:11)
          at run (D:\doanVEXE\bus-booking-project\backend\node_modules\jest-cir
cus\build\jestAdapterInit.js:765:3)
          at runAndTransformResultsToJestFormat (D:\doanVEXE\bus-booking-projec
t\backend\node_modules\jest-circus\build\jestAdapterInit.js:1993:21)
          at jestAdapter (D:\doanVEXE\bus-booking-project\backend\node_modules\
jest-circus\build\runner.js:111:19)
          at runTestInternal (D:\doanVEXE\bus-booking-project\backend\node_modu
les\jest-runner\build\testWorker.js:276:16)
          at runTest (D:\doanVEXE\bus-booking-project\backend\node_modules\jest
-runner\build\testWorker.js:344:7)
          at Object.worker (D:\doanVEXE\bus-booking-project\backend\node_module
s\jest-runner\build\testWorker.js:498:12)

    [0m [90m 53 |[39m    }
     [90m 54 |[39m    [36mcatch[39m (error) {
    [31m[1m>[22m[39m[90m 55 |[39m     
console[33m.[39merror([32m"Lß╗ùi khi ─æ─âng k├╜:"[39m[33m,[39m 
error)[33m;[39m
     [90m    |[39m             [31m[1m^[22m[39m
     [90m 56 |[39m     [36mreturn[39m 
res[33m.[39mstatus([35m500[39m)[33m.[39mjson({ message[33m:[39m 
[32m"─É├ú xß║úy ra lß╗ùi khi ─æ─âng k├╜ roi."[39m })[33m;[39m
     [90m 57 |[39m   }
     [90m 58 |[39m }[33m;[39m[0m

      at error (src/controllers/authController.js:55:13)
      at Object.<anonymous> 
(src/__tests__/controllers/authController.test.js:165:7)


Test Suites: 8 failed, 3 passed, 11 total
Tests:       65 failed, 76 passed, 141 total
Snapshots:   0 total
Time:        8.922 s
Ran all test suites.
